

================================================================
== Vitis HLS Report for 'dense_optimized'
================================================================
* Date:           Sat May  9 13:44:50 2026

* Version:        2024.1 (Build 5069499 on May 21 2024)
* Project:        dense_optimized_proj
* Solution:       solution1 (Vivado IP Flow Target)
* Product family: virtexuplus
* Target device:  xcvu13p-fsga2577-2-e


================================================================
== Performance Estimates
================================================================
+ Timing: 
    * Summary: 
    +--------+----------+----------+------------+
    |  Clock |  Target  | Estimated| Uncertainty|
    +--------+----------+----------+------------+
    |ap_clk  |  25.00 ns|  5.901 ns|     6.75 ns|
    +--------+----------+----------+------------+

+ Latency: 
    * Summary: 
    +---------+---------+----------+----------+-----+-----+-----------------------------------------------+
    |  Latency (cycles) |  Latency (absolute) |  Interval |                    Pipeline                   |
    |   min   |   max   |    min   |    max   | min | max |                      Type                     |
    +---------+---------+----------+----------+-----+-----+-----------------------------------------------+
    |      130|      130|  3.250 us|  3.250 us|  128|  128|  loop auto-rewind stp(delay=1 clock cycles(s))|
    +---------+---------+----------+----------+-----+-----+-----------------------------------------------+

    + Detail: 
        * Instance: 
        N/A

        * Loop: 
        +-----------------------------------+---------+---------+----------+-----------+-----------+------+----------+
        |                                   |  Latency (cycles) | Iteration|  Initiation Interval  | Trip |          |
        |             Loop Name             |   min   |   max   |  Latency |  achieved |   target  | Count| Pipelined|
        +-----------------------------------+---------+---------+----------+-----------+-----------+------+----------+
        |- VITIS_LOOP_35_1_VITIS_LOOP_38_2  |      128|      128|         2|          1|          1|   128|       yes|
        +-----------------------------------+---------+---------+----------+-----------+-----------+------+----------+



================================================================
== Utilization Estimates
================================================================
* Summary: 
+---------------------+---------+-------+---------+---------+------+
|         Name        | BRAM_18K|  DSP  |    FF   |   LUT   | URAM |
+---------------------+---------+-------+---------+---------+------+
|DSP                  |        -|      -|        -|        -|     -|
|Expression           |        -|      -|        0|      165|     -|
|FIFO                 |        -|      -|        -|        -|     -|
|Instance             |        -|      3|        0|       60|     -|
|Memory               |        -|      -|        -|        -|     -|
|Multiplexer          |        -|      -|        0|      108|     -|
|Register             |        -|      -|       60|        -|     -|
+---------------------+---------+-------+---------+---------+------+
|Total                |        0|      3|       60|      333|     0|
+---------------------+---------+-------+---------+---------+------+
|Available SLR        |     1344|   3072|   864000|   432000|   320|
+---------------------+---------+-------+---------+---------+------+
|Utilization SLR (%)  |        0|     ~0|       ~0|       ~0|     0|
+---------------------+---------+-------+---------+---------+------+
|Available            |     5376|  12288|  3456000|  1728000|  1280|
+---------------------+---------+-------+---------+---------+------+
|Utilization (%)      |        0|     ~0|       ~0|       ~0|     0|
+---------------------+---------+-------+---------+---------+------+

+ Detail: 
    * Instance: 
    +-------------------------+----------------------+---------+----+---+----+-----+
    |         Instance        |        Module        | BRAM_18K| DSP| FF| LUT| URAM|
    +-------------------------+----------------------+---------+----+---+----+-----+
    |mul_32s_32s_32_1_1_U1    |mul_32s_32s_32_1_1    |        0|   3|  0|  20|    0|
    |sparsemux_9_2_32_1_1_U2  |sparsemux_9_2_32_1_1  |        0|   0|  0|  20|    0|
    |sparsemux_9_2_32_1_1_U3  |sparsemux_9_2_32_1_1  |        0|   0|  0|  20|    0|
    +-------------------------+----------------------+---------+----+---+----+-----+
    |Total                    |                      |        0|   3|  0|  60|    0|
    +-------------------------+----------------------+---------+----+---+----+-----+

    * DSP: 
    N/A

    * Memory: 
    N/A

    * FIFO: 
    N/A

    * Expression: 
    +-------------------------+----------+----+---+----+------------+------------+
    |      Variable Name      | Operation| DSP| FF| LUT| Bitwidth P0| Bitwidth P1|
    +-------------------------+----------+----+---+----+------------+------------+
    |add_ln35_1_fu_380_p2     |         +|   0|  0|  14|           7|           1|
    |add_ln35_fu_293_p2       |         +|   0|  0|  12|           4|           1|
    |add_ln40_fu_354_p2       |         +|   0|  0|  12|           5|           5|
    |i_fu_368_p2              |         +|   0|  0|  12|           5|           1|
    |sum_fu_466_p2            |         +|   0|  0|  39|          32|          32|
    |ap_condition_160         |       and|   0|  0|   2|           1|           1|
    |ap_condition_399         |       and|   0|  0|   2|           1|           1|
    |ap_condition_406         |       and|   0|  0|   2|           1|           1|
    |icmp_ln35_fu_386_p2      |      icmp|   0|  0|  14|           7|           2|
    |icmp_ln38_fu_374_p2      |      icmp|   0|  0|  13|           5|           6|
    |j_fu_307_p3              |    select|   0|  0|   4|           1|           4|
    |select_ln35_1_fu_410_p3  |    select|   0|  0|  32|           1|           1|
    |select_ln35_fu_299_p3    |    select|   0|  0|   5|           1|           1|
    |ap_enable_pp0            |       xor|   0|  0|   2|           1|           2|
    +-------------------------+----------+----+---+----+------------+------------+
    |Total                    |          |   0|  0| 165|          72|          59|
    +-------------------------+----------+----+---+----+------------+------------+

    * Multiplexer: 
    +---------------------------------------+----+-----------+-----+-----------+
    |                  Name                 | LUT| Input Size| Bits| Total Bits|
    +---------------------------------------+----+-----------+-----+-----------+
    |ap_done_int                            |   9|          2|    1|          2|
    |ap_loop_exit_ready_pp0_iter1_reg       |   9|          2|    1|          2|
    |ap_phi_mux_icmp_ln385_phi_fu_233_p4    |   9|          2|    1|          2|
    |ap_sig_allocacmp_i3_load               |   9|          2|    5|         10|
    |ap_sig_allocacmp_indvar_flatten1_load  |   9|          2|    7|         14|
    |ap_sig_allocacmp_j2_load               |   9|          2|    4|          8|
    |i3_fu_106                              |   9|          2|    5|         10|
    |icmp_ln385_reg_230                     |   9|          2|    1|          2|
    |indvar_flatten1_fu_98                  |   9|          2|    7|         14|
    |j2_fu_102                              |   9|          2|    4|          8|
    |sum4_fu_110                            |   9|          2|   32|         64|
    |y_WEN_A_local                          |   9|          2|    4|          8|
    +---------------------------------------+----+-----------+-----+-----------+
    |Total                                  | 108|         24|   72|        144|
    +---------------------------------------+----+-----------+-----+-----------+

    * Register: 
    +----------------------------------+----+----+-----+-----------+
    |               Name               | FF | LUT| Bits| Const Bits|
    +----------------------------------+----+----+-----+-----------+
    |ap_CS_fsm                         |   1|   0|    1|          0|
    |ap_done_reg                       |   1|   0|    1|          0|
    |ap_enable_reg_pp0_iter1           |   1|   0|    1|          0|
    |ap_loop_exit_ready_pp0_iter1_reg  |   1|   0|    1|          0|
    |i3_fu_106                         |   5|   0|    5|          0|
    |icmp_ln35_reg_562                 |   1|   0|    1|          0|
    |icmp_ln385_reg_230                |   1|   0|    1|          0|
    |icmp_ln38_reg_552                 |   1|   0|    1|          0|
    |indvar_flatten1_fu_98             |   7|   0|    7|          0|
    |j2_fu_102                         |   4|   0|    4|          0|
    |sum4_fu_110                       |  32|   0|   32|          0|
    |trunc_ln38_reg_506                |   2|   0|    2|          0|
    |y_addr_reg_557                    |   3|   0|    3|          0|
    +----------------------------------+----+----+-----+-----------+
    |Total                             |  60|   0|   60|          0|
    +----------------------------------+----+----+-----+-----------+



================================================================
== Interface
================================================================
* Summary: 
+------------+-----+-----+------------+-----------------+--------------+
|  RTL Ports | Dir | Bits|  Protocol  |  Source Object  |    C Type    |
+------------+-----+-----+------------+-----------------+--------------+
|ap_clk      |   in|    1|  ap_ctrl_hs|  dense_optimized|  return value|
|ap_rst      |   in|    1|  ap_ctrl_hs|  dense_optimized|  return value|
|ap_start    |   in|    1|  ap_ctrl_hs|  dense_optimized|  return value|
|ap_done     |  out|    1|  ap_ctrl_hs|  dense_optimized|  return value|
|ap_idle     |  out|    1|  ap_ctrl_hs|  dense_optimized|  return value|
|ap_ready    |  out|    1|  ap_ctrl_hs|  dense_optimized|  return value|
|x_0_Addr_A  |  out|   32|        bram|              x_0|         array|
|x_0_EN_A    |  out|    1|        bram|              x_0|         array|
|x_0_WEN_A   |  out|    4|        bram|              x_0|         array|
|x_0_Din_A   |  out|   32|        bram|              x_0|         array|
|x_0_Dout_A  |   in|   32|        bram|              x_0|         array|
|x_0_Clk_A   |  out|    1|        bram|              x_0|         array|
|x_0_Rst_A   |  out|    1|        bram|              x_0|         array|
|x_1_Addr_A  |  out|   32|        bram|              x_1|         array|
|x_1_EN_A    |  out|    1|        bram|              x_1|         array|
|x_1_WEN_A   |  out|    4|        bram|              x_1|         array|
|x_1_Din_A   |  out|   32|        bram|              x_1|         array|
|x_1_Dout_A  |   in|   32|        bram|              x_1|         array|
|x_1_Clk_A   |  out|    1|        bram|              x_1|         array|
|x_1_Rst_A   |  out|    1|        bram|              x_1|         array|
|x_2_Addr_A  |  out|   32|        bram|              x_2|         array|
|x_2_EN_A    |  out|    1|        bram|              x_2|         array|
|x_2_WEN_A   |  out|    4|        bram|              x_2|         array|
|x_2_Din_A   |  out|   32|        bram|              x_2|         array|
|x_2_Dout_A  |   in|   32|        bram|              x_2|         array|
|x_2_Clk_A   |  out|    1|        bram|              x_2|         array|
|x_2_Rst_A   |  out|    1|        bram|              x_2|         array|
|x_3_Addr_A  |  out|   32|        bram|              x_3|         array|
|x_3_EN_A    |  out|    1|        bram|              x_3|         array|
|x_3_WEN_A   |  out|    4|        bram|              x_3|         array|
|x_3_Din_A   |  out|   32|        bram|              x_3|         array|
|x_3_Dout_A  |   in|   32|        bram|              x_3|         array|
|x_3_Clk_A   |  out|    1|        bram|              x_3|         array|
|x_3_Rst_A   |  out|    1|        bram|              x_3|         array|
|w_0_Addr_A  |  out|   32|        bram|              w_0|         array|
|w_0_EN_A    |  out|    1|        bram|              w_0|         array|
|w_0_WEN_A   |  out|    4|        bram|              w_0|         array|
|w_0_Din_A   |  out|   32|        bram|              w_0|         array|
|w_0_Dout_A  |   in|   32|        bram|              w_0|         array|
|w_0_Clk_A   |  out|    1|        bram|              w_0|         array|
|w_0_Rst_A   |  out|    1|        bram|              w_0|         array|
|w_1_Addr_A  |  out|   32|        bram|              w_1|         array|
|w_1_EN_A    |  out|    1|        bram|              w_1|         array|
|w_1_WEN_A   |  out|    4|        bram|              w_1|         array|
|w_1_Din_A   |  out|   32|        bram|              w_1|         array|
|w_1_Dout_A  |   in|   32|        bram|              w_1|         array|
|w_1_Clk_A   |  out|    1|        bram|              w_1|         array|
|w_1_Rst_A   |  out|    1|        bram|              w_1|         array|
|w_2_Addr_A  |  out|   32|        bram|              w_2|         array|
|w_2_EN_A    |  out|    1|        bram|              w_2|         array|
|w_2_WEN_A   |  out|    4|        bram|              w_2|         array|
|w_2_Din_A   |  out|   32|        bram|              w_2|         array|
|w_2_Dout_A  |   in|   32|        bram|              w_2|         array|
|w_2_Clk_A   |  out|    1|        bram|              w_2|         array|
|w_2_Rst_A   |  out|    1|        bram|              w_2|         array|
|w_3_Addr_A  |  out|   32|        bram|              w_3|         array|
|w_3_EN_A    |  out|    1|        bram|              w_3|         array|
|w_3_WEN_A   |  out|    4|        bram|              w_3|         array|
|w_3_Din_A   |  out|   32|        bram|              w_3|         array|
|w_3_Dout_A  |   in|   32|        bram|              w_3|         array|
|w_3_Clk_A   |  out|    1|        bram|              w_3|         array|
|w_3_Rst_A   |  out|    1|        bram|              w_3|         array|
|y_Addr_A    |  out|   32|        bram|                y|         array|
|y_EN_A      |  out|    1|        bram|                y|         array|
|y_WEN_A     |  out|    4|        bram|                y|         array|
|y_Din_A     |  out|   32|        bram|                y|         array|
|y_Dout_A    |   in|   32|        bram|                y|         array|
|y_Clk_A     |  out|    1|        bram|                y|         array|
|y_Rst_A     |  out|    1|        bram|                y|         array|
+------------+-----+-----+------------+-----------------+--------------+

