

================================================================
== Synthesis Summary Report of 'hw5_ex1'
================================================================
+ General Information: 
    * Date:           Sat May  9 09:26:25 2026
    * Version:        2024.1 (Build 5069499 on May 21 2024)
    * Project:        hw5_ex1_proj
    * Solution:       solution1 (Vivado IP Flow Target)
    * Product family: virtexuplus
    * Target device:  xcvu13p-fsga2577-2-e
    

+ Performance & Resource Estimates: 
    
    PS: '+' for module; 'o' for loop; '*' for dataflow
    +-------------------------------------+------+-------+---------+-----------+----------+---------+------+----------+------+---------+-----------+------------+-----+
    |               Modules               | Issue|       | Latency |  Latency  | Iteration|         | Trip |          |      |         |           |            |     |
    |               & Loops               | Type | Slack | (cycles)|    (ns)   |  Latency | Interval| Count| Pipelined| BRAM |   DSP   |     FF    |     LUT    | URAM|
    +-------------------------------------+------+-------+---------+-----------+----------+---------+------+----------+------+---------+-----------+------------+-----+
    |+ hw5_ex1                            |     -|  10.34|      108|  2.700e+03|         -|      109|     -|        no|     -|  4 (~0%)|  449 (~0%)|  1230 (~0%)|    -|
    | + hw5_ex1_Pipeline_VITIS_LOOP_25_1  |     -|  16.46|       32|    800.000|         -|       32|     -|        no|     -|        -|    7 (~0%)|    51 (~0%)|    -|
    |  o VITIS_LOOP_25_1                  |     -|  18.25|       30|    750.000|         1|        1|    30|       yes|     -|        -|          -|           -|    -|
    | + hw5_ex1_Pipeline_VITIS_LOOP_5_1   |     -|  15.78|       32|    800.000|         -|       32|     -|        no|     -|        -|   26 (~0%)|   136 (~0%)|    -|
    |  o VITIS_LOOP_5_1                   |     -|  18.25|       30|    750.000|         2|        1|    30|       yes|     -|        -|          -|           -|    -|
    | + hw5_ex1_Pipeline_VITIS_LOOP_11_1  |     -|  10.34|       39|    975.000|         -|       39|     -|        no|     -|  4 (~0%)|  265 (~0%)|   631 (~0%)|    -|
    |  o VITIS_LOOP_11_1                  |     -|  18.25|       37|    925.000|        11|        1|    28|       yes|     -|        -|          -|           -|    -|
    | + hw5_ex1_Pipeline_VITIS_LOOP_17_1  |     -|  16.77|       32|    800.000|         -|       32|     -|        no|     -|        -|   13 (~0%)|    62 (~0%)|    -|
    |  o VITIS_LOOP_17_1                  |     -|  18.25|       30|    750.000|         2|        1|    30|       yes|     -|        -|          -|           -|    -|
    +-------------------------------------+------+-------+---------+-----------+----------+---------+------+----------+------+---------+-----------+------------+-----+


================================================================
== HW Interfaces
================================================================
* AP_MEMORY
+------------+-----------+----------+
| Port       | Direction | Bitwidth |
+------------+-----------+----------+
| A_address0 | out       | 5        |
| A_q0       | in        | 32       |
| B_address0 | out       | 5        |
| B_d0       | out       | 32       |
+------------+-----------+----------+

* TOP LEVEL CONTROL
+-----------+------------+-----------------------------------+
| Interface | Type       | Ports                             |
+-----------+------------+-----------------------------------+
| ap_clk    | clock      | ap_clk                            |
| ap_rst    | reset      | ap_rst                            |
| ap_ctrl   | ap_ctrl_hs | ap_done ap_idle ap_ready ap_start |
+-----------+------------+-----------------------------------+


================================================================
== SW I/O Information
================================================================
* Top Function Arguments
+----------+-----------+----------+
| Argument | Direction | Datatype |
+----------+-----------+----------+
| A        | in        | int*     |
| B        | out       | int*     |
+----------+-----------+----------+

* SW-to-HW Mapping
+----------+--------------+---------+----------+
| Argument | HW Interface | HW Type | HW Usage |
+----------+--------------+---------+----------+
| A        | A_address0   | port    | offset   |
| A        | A_ce0        | port    |          |
| A        | A_q0         | port    |          |
| B        | B_address0   | port    | offset   |
| B        | B_ce0        | port    |          |
| B        | B_we0        | port    |          |
| B        | B_d0         | port    |          |
+----------+--------------+---------+----------+


================================================================
== Bind Op Report
================================================================
+-------------------------------------+-----+--------+---------------+-----------+----------+---------+
| Name                                | DSP | Pragma | Variable      | Op        | Impl     | Latency |
+-------------------------------------+-----+--------+---------------+-----------+----------+---------+
| + hw5_ex1                           | 4   |        |               |           |          |         |
|  + hw5_ex1_Pipeline_VITIS_LOOP_25_1 | 0   |        |               |           |          |         |
|    icmp_ln25_fu_56_p2               |     |        | icmp_ln25     | seteq     | auto     | 0       |
|    i_3_fu_62_p2                     |     |        | i_3           | add       | fabric   | 0       |
|  + hw5_ex1_Pipeline_VITIS_LOOP_5_1  | 0   |        |               |           |          |         |
|    icmp_ln5_fu_142_p2               |     |        | icmp_ln5      | seteq     | auto     | 0       |
|    add_ln5_fu_148_p2                |     |        | add_ln5       | add       | fabric   | 0       |
|    add_ln5_1_fu_196_p2              |     |        | add_ln5_1     | add       | fabric   | 0       |
|    add_ln5_2_fu_163_p2              |     |        | add_ln5_2     | add       | fabric   | 0       |
|    icmp_ln5_1_fu_169_p2             |     |        | icmp_ln5_1    | setlt     | auto     | 0       |
|    select_ln5_fu_175_p3             |     |        | select_ln5    | select    | auto_sel | 0       |
|  + hw5_ex1_Pipeline_VITIS_LOOP_11_1 | 4   |        |               |           |          |         |
|    icmp_ln11_fu_187_p2              |     |        | icmp_ln11     | seteq     | auto     | 0       |
|    mul_5ns_7ns_11_1_1_U9            |     |        | mul_ln11      | mul       | auto     | 0       |
|    urem_5ns_3ns_2_9_1_U7            |     |        | urem_ln11     | urem      | auto     | 8       |
|    add_ln12_fu_260_p2               |     |        | add_ln12      | add       | fabric   | 0       |
|    mul_5ns_7ns_11_1_1_U10           |     |        | mul_ln12      | mul       | auto     | 0       |
|    sparsemux_7_2_32_1_1_U11         |     |        | tmp           | sparsemux | auto     | 0       |
|    sparsemux_7_2_32_1_1_U12         |     |        | tmp_1         | sparsemux | auto     | 0       |
|    add_ln12_1_fu_199_p2             |     |        | add_ln12_1    | add       | fabric   | 0       |
|    mul_5ns_7ns_11_1_1_U8            |     |        | mul_ln12_1    | mul       | auto     | 0       |
|    sparsemux_7_2_32_1_1_U13         |     |        | tmp_2         | sparsemux | auto     | 0       |
|    mul_32s_34ns_65_1_1_U6           | 4   |        | mul_ln12_2    | mul       | auto     | 0       |
|    sub_ln12_fu_376_p2               |     |        | sub_ln12      | sub       | fabric   | 0       |
|    select_ln12_fu_410_p3            |     |        | select_ln12   | select    | auto_sel | 0       |
|    sub_ln12_1_fu_418_p2             |     |        | sub_ln12_1    | sub       | fabric   | 0       |
|    select_ln12_1_fu_424_p3          |     |        | select_ln12_1 | select    | auto_sel | 0       |
|  + hw5_ex1_Pipeline_VITIS_LOOP_17_1 | 0   |        |               |           |          |         |
|    icmp_ln17_fu_72_p2               |     |        | icmp_ln17     | seteq     | auto     | 0       |
|    add_ln17_fu_78_p2                |     |        | add_ln17      | add       | fabric   | 0       |
+-------------------------------------+-----+--------+---------------+-----------+----------+---------+


================================================================
== Storage Report
================================================================
+-------------+--------------+------+------+------+--------+----------+------+---------+------------------+
| Name        | Usage        | Type | BRAM | URAM | Pragma | Variable | Impl | Latency | Bitwidth, Depth, |
|             |              |      |      |      |        |          |      |         | Banks            |
+-------------+--------------+------+------+------+--------+----------+------+---------+------------------+
| + hw5_ex1   |              |      | 0    | 0    |        |          |      |         |                  |
|   temp1_U   | ram_1p array |      |      |      |        | temp1    | auto | 1       | 32, 10, 1        |
|   temp1_1_U | ram_1p array |      |      |      |        | temp1_1  | auto | 1       | 32, 10, 1        |
|   temp1_2_U | ram_1p array |      |      |      |        | temp1_2  | auto | 1       | 32, 10, 1        |
|   temp2_U   | ram_1p array |      |      |      |        | temp2    | auto | 1       | 31, 30, 1        |
+-------------+--------------+------+------+------+--------+----------+------+---------+------------------+


================================================================
== Pragma Report
================================================================
  No pragmas found

