

================================================================
== Vitis HLS Report for 'hw5_ex1_Pipeline_VITIS_LOOP_17_1'
================================================================
* Date:           Sat May  9 09:26:25 2026

* Version:        2024.1 (Build 5069499 on May 21 2024)
* Project:        hw5_ex1_proj
* Solution:       solution1 (Vivado IP Flow Target)
* Product family: virtexuplus
* Target device:  xcvu13p-fsga2577-2-e


================================================================
== Performance Estimates
================================================================
+ Timing: 
    * Summary: 
    +--------+----------+----------+------------+
    |  Clock |  Target  | Estimated| Uncertainty|
    +--------+----------+----------+------------+
    |ap_clk  |  25.00 ns|  1.481 ns|     6.75 ns|
    +--------+----------+----------+------------+

+ Latency: 
    * Summary: 
    +---------+---------+----------+----------+-----+-----+-----------------------------------------------+
    |  Latency (cycles) |  Latency (absolute) |  Interval |                    Pipeline                   |
    |   min   |   max   |    min   |    max   | min | max |                      Type                     |
    +---------+---------+----------+----------+-----+-----+-----------------------------------------------+
    |       32|       32|  0.800 us|  0.800 us|   31|   31|  loop auto-rewind stp(delay=0 clock cycles(s))|
    +---------+---------+----------+----------+-----+-----+-----------------------------------------------+

    + Detail: 
        * Instance: 
        N/A

        * Loop: 
        +-------------------+---------+---------+----------+-----------+-----------+------+----------+
        |                   |  Latency (cycles) | Iteration|  Initiation Interval  | Trip |          |
        |     Loop Name     |   min   |   max   |  Latency |  achieved |   target  | Count| Pipelined|
        +-------------------+---------+---------+----------+-----------+-----------+------+----------+
        |- VITIS_LOOP_17_1  |       30|       30|         2|          1|          1|    30|       yes|
        +-------------------+---------+---------+----------+-----------+-----------+------+----------+



================================================================
== Utilization Estimates
================================================================
* Summary: 
+---------------------+---------+-------+---------+---------+------+
|         Name        | BRAM_18K|  DSP  |    FF   |   LUT   | URAM |
+---------------------+---------+-------+---------+---------+------+
|DSP                  |        -|      -|        -|        -|     -|
|Expression           |        -|      -|        0|       26|     -|
|FIFO                 |        -|      -|        -|        -|     -|
|Instance             |        -|      -|        -|        -|     -|
|Memory               |        -|      -|        -|        -|     -|
|Multiplexer          |        -|      -|        0|       36|     -|
|Register             |        -|      -|       13|        -|     -|
+---------------------+---------+-------+---------+---------+------+
|Total                |        0|      0|       13|       62|     0|
+---------------------+---------+-------+---------+---------+------+
|Available SLR        |     1344|   3072|   864000|   432000|   320|
+---------------------+---------+-------+---------+---------+------+
|Utilization SLR (%)  |        0|      0|       ~0|       ~0|     0|
+---------------------+---------+-------+---------+---------+------+
|Available            |     5376|  12288|  3456000|  1728000|  1280|
+---------------------+---------+-------+---------+---------+------+
|Utilization (%)      |        0|      0|       ~0|       ~0|     0|
+---------------------+---------+-------+---------+---------+------+

+ Detail: 
    * Instance: 
    N/A

    * DSP: 
    N/A

    * Memory: 
    N/A

    * FIFO: 
    N/A

    * Expression: 
    +--------------------+----------+----+---+----+------------+------------+
    |    Variable Name   | Operation| DSP| FF| LUT| Bitwidth P0| Bitwidth P1|
    +--------------------+----------+----+---+----+------------+------------+
    |add_ln17_fu_78_p2   |         +|   0|  0|  12|           5|           1|
    |icmp_ln17_fu_72_p2  |      icmp|   0|  0|  12|           5|           3|
    |ap_enable_pp0       |       xor|   0|  0|   2|           1|           2|
    +--------------------+----------+----+---+----+------------+------------+
    |Total               |          |   0|  0|  26|          11|           6|
    +--------------------+----------+----+---+----+------------+------------+

    * Multiplexer: 
    +-------------------------+----+-----------+-----+-----------+
    |           Name          | LUT| Input Size| Bits| Total Bits|
    +-------------------------+----+-----------+-----+-----------+
    |ap_done_int              |   9|          2|    1|          2|
    |ap_enable_reg_pp0_iter1  |   9|          2|    1|          2|
    |ap_sig_allocacmp_i_4     |   9|          2|    5|         10|
    |i_fu_34                  |   9|          2|    5|         10|
    +-------------------------+----+-----------+-----+-----------+
    |Total                    |  36|          8|   12|         24|
    +-------------------------+----+-----------+-----+-----------+

    * Register: 
    +-------------------------+---+----+-----+-----------+
    |           Name          | FF| LUT| Bits| Const Bits|
    +-------------------------+---+----+-----+-----------+
    |ap_CS_fsm                |  1|   0|    1|          0|
    |ap_done_reg              |  1|   0|    1|          0|
    |ap_enable_reg_pp0_iter1  |  1|   0|    1|          0|
    |i_fu_34                  |  5|   0|    5|          0|
    |zext_ln17_reg_109        |  5|   0|   64|         59|
    +-------------------------+---+----+-----+-----------+
    |Total                    | 13|   0|   72|         59|
    +-------------------------+---+----+-----+-----------+



================================================================
== Interface
================================================================
* Summary: 
+----------------+-----+-----+------------+----------------------------------+--------------+
|    RTL Ports   | Dir | Bits|  Protocol  |           Source Object          |    C Type    |
+----------------+-----+-----+------------+----------------------------------+--------------+
|ap_clk          |   in|    1|  ap_ctrl_hs|  hw5_ex1_Pipeline_VITIS_LOOP_17_1|  return value|
|ap_rst          |   in|    1|  ap_ctrl_hs|  hw5_ex1_Pipeline_VITIS_LOOP_17_1|  return value|
|ap_start        |   in|    1|  ap_ctrl_hs|  hw5_ex1_Pipeline_VITIS_LOOP_17_1|  return value|
|ap_done         |  out|    1|  ap_ctrl_hs|  hw5_ex1_Pipeline_VITIS_LOOP_17_1|  return value|
|ap_idle         |  out|    1|  ap_ctrl_hs|  hw5_ex1_Pipeline_VITIS_LOOP_17_1|  return value|
|ap_ready        |  out|    1|  ap_ctrl_hs|  hw5_ex1_Pipeline_VITIS_LOOP_17_1|  return value|
|temp2_address0  |  out|    5|   ap_memory|                             temp2|         array|
|temp2_ce0       |  out|    1|   ap_memory|                             temp2|         array|
|temp2_q0        |   in|   31|   ap_memory|                             temp2|         array|
|B_address0      |  out|    5|   ap_memory|                                 B|         array|
|B_ce0           |  out|    1|   ap_memory|                                 B|         array|
|B_we0           |  out|    1|   ap_memory|                                 B|         array|
|B_d0            |  out|   32|   ap_memory|                                 B|         array|
+----------------+-----+-----+------------+----------------------------------+--------------+

