

================================================================
== Synthesis Summary Report of 'q5_partition_unroll'
================================================================
+ General Information: 
    * Date:           Sat May  9 11:06:19 2026
    * Version:        2024.1 (Build 5069499 on May 21 2024)
    * Project:        q5_partition_unroll_proj
    * Solution:       solution1 (Vivado IP Flow Target)
    * Product family: virtexuplus
    * Target device:  xcvu13p-fsga2577-2-e
    

+ Performance & Resource Estimates: 
    
    PS: '+' for module; 'o' for loop; '*' for dataflow
    +-----------------------+------+-------+---------+--------+----------+---------+------+----------+------+----------+---+------------+-----+
    |        Modules        | Issue|       | Latency | Latency| Iteration|         | Trip |          |      |          |   |            |     |
    |        & Loops        | Type | Slack | (cycles)|  (ns)  |  Latency | Interval| Count| Pipelined| BRAM |    DSP   | FF|     LUT    | URAM|
    +-----------------------+------+-------+---------+--------+----------+---------+------+----------+------+----------+---+------------+-----+
    |+ q5_partition_unroll  |     -|  14.20|        0|   0.000|         -|        1|     -|        no|     -|  384 (3%)|  -|  7552 (~0%)|    -|
    +-----------------------+------+-------+---------+--------+----------+---------+------+----------+------+----------+---+------------+-----+


================================================================
== HW Interfaces
================================================================
* Other Ports
+------+---------+-----------+----------+
| Port | Mode    | Direction | Bitwidth |
+------+---------+-----------+----------+
| A_0  | ap_none | in        | 32       |
| A_1  | ap_none | in        | 32       |
| A_10 | ap_none | in        | 32       |
| A_11 | ap_none | in        | 32       |
| A_12 | ap_none | in        | 32       |
| A_13 | ap_none | in        | 32       |
| A_14 | ap_none | in        | 32       |
| A_15 | ap_none | in        | 32       |
| A_16 | ap_none | in        | 32       |
| A_17 | ap_none | in        | 32       |
| A_18 | ap_none | in        | 32       |
| A_19 | ap_none | in        | 32       |
| A_2  | ap_none | in        | 32       |
| A_20 | ap_none | in        | 32       |
| A_21 | ap_none | in        | 32       |
| A_22 | ap_none | in        | 32       |
| A_23 | ap_none | in        | 32       |
| A_24 | ap_none | in        | 32       |
| A_25 | ap_none | in        | 32       |
| A_26 | ap_none | in        | 32       |
| A_27 | ap_none | in        | 32       |
| A_28 | ap_none | in        | 32       |
| A_29 | ap_none | in        | 32       |
| A_3  | ap_none | in        | 32       |
| A_30 | ap_none | in        | 32       |
| A_31 | ap_none | in        | 32       |
| A_32 | ap_none | in        | 32       |
| A_33 | ap_none | in        | 32       |
| A_34 | ap_none | in        | 32       |
| A_35 | ap_none | in        | 32       |
| A_36 | ap_none | in        | 32       |
| A_37 | ap_none | in        | 32       |
| A_38 | ap_none | in        | 32       |
| A_39 | ap_none | in        | 32       |
| A_4  | ap_none | in        | 32       |
| A_40 | ap_none | in        | 32       |
| A_41 | ap_none | in        | 32       |
| A_42 | ap_none | in        | 32       |
| A_43 | ap_none | in        | 32       |
| A_44 | ap_none | in        | 32       |
| A_45 | ap_none | in        | 32       |
| A_46 | ap_none | in        | 32       |
| A_47 | ap_none | in        | 32       |
| A_48 | ap_none | in        | 32       |
| A_49 | ap_none | in        | 32       |
| A_5  | ap_none | in        | 32       |
| A_50 | ap_none | in        | 32       |
| A_51 | ap_none | in        | 32       |
| A_52 | ap_none | in        | 32       |
| A_53 | ap_none | in        | 32       |
| A_54 | ap_none | in        | 32       |
| A_55 | ap_none | in        | 32       |
| A_56 | ap_none | in        | 32       |
| A_57 | ap_none | in        | 32       |
| A_58 | ap_none | in        | 32       |
| A_59 | ap_none | in        | 32       |
| A_6  | ap_none | in        | 32       |
| A_60 | ap_none | in        | 32       |
| A_61 | ap_none | in        | 32       |
| A_62 | ap_none | in        | 32       |
| A_63 | ap_none | in        | 32       |
| A_7  | ap_none | in        | 32       |
| A_8  | ap_none | in        | 32       |
| A_9  | ap_none | in        | 32       |
| B_0  | ap_none | in        | 32       |
| B_1  | ap_none | in        | 32       |
| B_10 | ap_none | in        | 32       |
| B_11 | ap_none | in        | 32       |
| B_12 | ap_none | in        | 32       |
| B_13 | ap_none | in        | 32       |
| B_14 | ap_none | in        | 32       |
| B_15 | ap_none | in        | 32       |
| B_16 | ap_none | in        | 32       |
| B_17 | ap_none | in        | 32       |
| B_18 | ap_none | in        | 32       |
| B_19 | ap_none | in        | 32       |
| B_2  | ap_none | in        | 32       |
| B_20 | ap_none | in        | 32       |
| B_21 | ap_none | in        | 32       |
| B_22 | ap_none | in        | 32       |
| B_23 | ap_none | in        | 32       |
| B_24 | ap_none | in        | 32       |
| B_25 | ap_none | in        | 32       |
| B_26 | ap_none | in        | 32       |
| B_27 | ap_none | in        | 32       |
| B_28 | ap_none | in        | 32       |
| B_29 | ap_none | in        | 32       |
| B_3  | ap_none | in        | 32       |
| B_30 | ap_none | in        | 32       |
| B_31 | ap_none | in        | 32       |
| B_32 | ap_none | in        | 32       |
| B_33 | ap_none | in        | 32       |
| B_34 | ap_none | in        | 32       |
| B_35 | ap_none | in        | 32       |
| B_36 | ap_none | in        | 32       |
| B_37 | ap_none | in        | 32       |
| B_38 | ap_none | in        | 32       |
| B_39 | ap_none | in        | 32       |
| B_4  | ap_none | in        | 32       |
| B_40 | ap_none | in        | 32       |
| B_41 | ap_none | in        | 32       |
| B_42 | ap_none | in        | 32       |
| B_43 | ap_none | in        | 32       |
| B_44 | ap_none | in        | 32       |
| B_45 | ap_none | in        | 32       |
| B_46 | ap_none | in        | 32       |
| B_47 | ap_none | in        | 32       |
| B_48 | ap_none | in        | 32       |
| B_49 | ap_none | in        | 32       |
| B_5  | ap_none | in        | 32       |
| B_50 | ap_none | in        | 32       |
| B_51 | ap_none | in        | 32       |
| B_52 | ap_none | in        | 32       |
| B_53 | ap_none | in        | 32       |
| B_54 | ap_none | in        | 32       |
| B_55 | ap_none | in        | 32       |
| B_56 | ap_none | in        | 32       |
| B_57 | ap_none | in        | 32       |
| B_58 | ap_none | in        | 32       |
| B_59 | ap_none | in        | 32       |
| B_6  | ap_none | in        | 32       |
| B_60 | ap_none | in        | 32       |
| B_61 | ap_none | in        | 32       |
| B_62 | ap_none | in        | 32       |
| B_63 | ap_none | in        | 32       |
| B_7  | ap_none | in        | 32       |
| B_8  | ap_none | in        | 32       |
| B_9  | ap_none | in        | 32       |
| C_0  | ap_vld  | out       | 32       |
| C_1  | ap_vld  | out       | 32       |
| C_10 | ap_vld  | out       | 32       |
| C_11 | ap_vld  | out       | 32       |
| C_12 | ap_vld  | out       | 32       |
| C_13 | ap_vld  | out       | 32       |
| C_14 | ap_vld  | out       | 32       |
| C_15 | ap_vld  | out       | 32       |
| C_16 | ap_vld  | out       | 32       |
| C_17 | ap_vld  | out       | 32       |
| C_18 | ap_vld  | out       | 32       |
| C_19 | ap_vld  | out       | 32       |
| C_2  | ap_vld  | out       | 32       |
| C_20 | ap_vld  | out       | 32       |
| C_21 | ap_vld  | out       | 32       |
| C_22 | ap_vld  | out       | 32       |
| C_23 | ap_vld  | out       | 32       |
| C_24 | ap_vld  | out       | 32       |
| C_25 | ap_vld  | out       | 32       |
| C_26 | ap_vld  | out       | 32       |
| C_27 | ap_vld  | out       | 32       |
| C_28 | ap_vld  | out       | 32       |
| C_29 | ap_vld  | out       | 32       |
| C_3  | ap_vld  | out       | 32       |
| C_30 | ap_vld  | out       | 32       |
| C_31 | ap_vld  | out       | 32       |
| C_32 | ap_vld  | out       | 32       |
| C_33 | ap_vld  | out       | 32       |
| C_34 | ap_vld  | out       | 32       |
| C_35 | ap_vld  | out       | 32       |
| C_36 | ap_vld  | out       | 32       |
| C_37 | ap_vld  | out       | 32       |
| C_38 | ap_vld  | out       | 32       |
| C_39 | ap_vld  | out       | 32       |
| C_4  | ap_vld  | out       | 32       |
| C_40 | ap_vld  | out       | 32       |
| C_41 | ap_vld  | out       | 32       |
| C_42 | ap_vld  | out       | 32       |
| C_43 | ap_vld  | out       | 32       |
| C_44 | ap_vld  | out       | 32       |
| C_45 | ap_vld  | out       | 32       |
| C_46 | ap_vld  | out       | 32       |
| C_47 | ap_vld  | out       | 32       |
| C_48 | ap_vld  | out       | 32       |
| C_49 | ap_vld  | out       | 32       |
| C_5  | ap_vld  | out       | 32       |
| C_50 | ap_vld  | out       | 32       |
| C_51 | ap_vld  | out       | 32       |
| C_52 | ap_vld  | out       | 32       |
| C_53 | ap_vld  | out       | 32       |
| C_54 | ap_vld  | out       | 32       |
| C_55 | ap_vld  | out       | 32       |
| C_56 | ap_vld  | out       | 32       |
| C_57 | ap_vld  | out       | 32       |
| C_58 | ap_vld  | out       | 32       |
| C_59 | ap_vld  | out       | 32       |
| C_6  | ap_vld  | out       | 32       |
| C_60 | ap_vld  | out       | 32       |
| C_61 | ap_vld  | out       | 32       |
| C_62 | ap_vld  | out       | 32       |
| C_63 | ap_vld  | out       | 32       |
| C_7  | ap_vld  | out       | 32       |
| C_8  | ap_vld  | out       | 32       |
| C_9  | ap_vld  | out       | 32       |
| D_0  | ap_vld  | out       | 32       |
| D_1  | ap_vld  | out       | 32       |
| D_10 | ap_vld  | out       | 32       |
| D_11 | ap_vld  | out       | 32       |
| D_12 | ap_vld  | out       | 32       |
| D_13 | ap_vld  | out       | 32       |
| D_14 | ap_vld  | out       | 32       |
| D_15 | ap_vld  | out       | 32       |
| D_16 | ap_vld  | out       | 32       |
| D_17 | ap_vld  | out       | 32       |
| D_18 | ap_vld  | out       | 32       |
| D_19 | ap_vld  | out       | 32       |
| D_2  | ap_vld  | out       | 32       |
| D_20 | ap_vld  | out       | 32       |
| D_21 | ap_vld  | out       | 32       |
| D_22 | ap_vld  | out       | 32       |
| D_23 | ap_vld  | out       | 32       |
| D_24 | ap_vld  | out       | 32       |
| D_25 | ap_vld  | out       | 32       |
| D_26 | ap_vld  | out       | 32       |
| D_27 | ap_vld  | out       | 32       |
| D_28 | ap_vld  | out       | 32       |
| D_29 | ap_vld  | out       | 32       |
| D_3  | ap_vld  | out       | 32       |
| D_30 | ap_vld  | out       | 32       |
| D_31 | ap_vld  | out       | 32       |
| D_32 | ap_vld  | out       | 32       |
| D_33 | ap_vld  | out       | 32       |
| D_34 | ap_vld  | out       | 32       |
| D_35 | ap_vld  | out       | 32       |
| D_36 | ap_vld  | out       | 32       |
| D_37 | ap_vld  | out       | 32       |
| D_38 | ap_vld  | out       | 32       |
| D_39 | ap_vld  | out       | 32       |
| D_4  | ap_vld  | out       | 32       |
| D_40 | ap_vld  | out       | 32       |
| D_41 | ap_vld  | out       | 32       |
| D_42 | ap_vld  | out       | 32       |
| D_43 | ap_vld  | out       | 32       |
| D_44 | ap_vld  | out       | 32       |
| D_45 | ap_vld  | out       | 32       |
| D_46 | ap_vld  | out       | 32       |
| D_47 | ap_vld  | out       | 32       |
| D_48 | ap_vld  | out       | 32       |
| D_49 | ap_vld  | out       | 32       |
| D_5  | ap_vld  | out       | 32       |
| D_50 | ap_vld  | out       | 32       |
| D_51 | ap_vld  | out       | 32       |
| D_52 | ap_vld  | out       | 32       |
| D_53 | ap_vld  | out       | 32       |
| D_54 | ap_vld  | out       | 32       |
| D_55 | ap_vld  | out       | 32       |
| D_56 | ap_vld  | out       | 32       |
| D_57 | ap_vld  | out       | 32       |
| D_58 | ap_vld  | out       | 32       |
| D_59 | ap_vld  | out       | 32       |
| D_6  | ap_vld  | out       | 32       |
| D_60 | ap_vld  | out       | 32       |
| D_61 | ap_vld  | out       | 32       |
| D_62 | ap_vld  | out       | 32       |
| D_63 | ap_vld  | out       | 32       |
| D_7  | ap_vld  | out       | 32       |
| D_8  | ap_vld  | out       | 32       |
| D_9  | ap_vld  | out       | 32       |
| E_0  | ap_vld  | out       | 32       |
| E_1  | ap_vld  | out       | 32       |
| E_10 | ap_vld  | out       | 32       |
| E_11 | ap_vld  | out       | 32       |
| E_12 | ap_vld  | out       | 32       |
| E_13 | ap_vld  | out       | 32       |
| E_14 | ap_vld  | out       | 32       |
| E_15 | ap_vld  | out       | 32       |
| E_16 | ap_vld  | out       | 32       |
| E_17 | ap_vld  | out       | 32       |
| E_18 | ap_vld  | out       | 32       |
| E_19 | ap_vld  | out       | 32       |
| E_2  | ap_vld  | out       | 32       |
| E_20 | ap_vld  | out       | 32       |
| E_21 | ap_vld  | out       | 32       |
| E_22 | ap_vld  | out       | 32       |
| E_23 | ap_vld  | out       | 32       |
| E_24 | ap_vld  | out       | 32       |
| E_25 | ap_vld  | out       | 32       |
| E_26 | ap_vld  | out       | 32       |
| E_27 | ap_vld  | out       | 32       |
| E_28 | ap_vld  | out       | 32       |
| E_29 | ap_vld  | out       | 32       |
| E_3  | ap_vld  | out       | 32       |
| E_30 | ap_vld  | out       | 32       |
| E_31 | ap_vld  | out       | 32       |
| E_32 | ap_vld  | out       | 32       |
| E_33 | ap_vld  | out       | 32       |
| E_34 | ap_vld  | out       | 32       |
| E_35 | ap_vld  | out       | 32       |
| E_36 | ap_vld  | out       | 32       |
| E_37 | ap_vld  | out       | 32       |
| E_38 | ap_vld  | out       | 32       |
| E_39 | ap_vld  | out       | 32       |
| E_4  | ap_vld  | out       | 32       |
| E_40 | ap_vld  | out       | 32       |
| E_41 | ap_vld  | out       | 32       |
| E_42 | ap_vld  | out       | 32       |
| E_43 | ap_vld  | out       | 32       |
| E_44 | ap_vld  | out       | 32       |
| E_45 | ap_vld  | out       | 32       |
| E_46 | ap_vld  | out       | 32       |
| E_47 | ap_vld  | out       | 32       |
| E_48 | ap_vld  | out       | 32       |
| E_49 | ap_vld  | out       | 32       |
| E_5  | ap_vld  | out       | 32       |
| E_50 | ap_vld  | out       | 32       |
| E_51 | ap_vld  | out       | 32       |
| E_52 | ap_vld  | out       | 32       |
| E_53 | ap_vld  | out       | 32       |
| E_54 | ap_vld  | out       | 32       |
| E_55 | ap_vld  | out       | 32       |
| E_56 | ap_vld  | out       | 32       |
| E_57 | ap_vld  | out       | 32       |
| E_58 | ap_vld  | out       | 32       |
| E_59 | ap_vld  | out       | 32       |
| E_6  | ap_vld  | out       | 32       |
| E_60 | ap_vld  | out       | 32       |
| E_61 | ap_vld  | out       | 32       |
| E_62 | ap_vld  | out       | 32       |
| E_63 | ap_vld  | out       | 32       |
| E_7  | ap_vld  | out       | 32       |
| E_8  | ap_vld  | out       | 32       |
| E_9  | ap_vld  | out       | 32       |
+------+---------+-----------+----------+

* TOP LEVEL CONTROL
+-----------+------------+-----------------------------------+
| Interface | Type       | Ports                             |
+-----------+------------+-----------------------------------+
| ap_rst    | reset      | ap_rst                            |
| ap_ctrl   | ap_ctrl_hs | ap_done ap_idle ap_ready ap_start |
+-----------+------------+-----------------------------------+


================================================================
== SW I/O Information
================================================================
* Top Function Arguments
+----------+-----------+----------+
| Argument | Direction | Datatype |
+----------+-----------+----------+
| A        | in        | int*     |
| B        | in        | int*     |
| C        | out       | int*     |
| D        | out       | int*     |
| E        | out       | int*     |
+----------+-----------+----------+

* SW-to-HW Mapping
+----------+--------------+---------+
| Argument | HW Interface | HW Type |
+----------+--------------+---------+
| A        | A_0          | port    |
| A        | A_1          | port    |
| A        | A_2          | port    |
| A        | A_3          | port    |
| A        | A_4          | port    |
| A        | A_5          | port    |
| A        | A_6          | port    |
| A        | A_7          | port    |
| A        | A_8          | port    |
| A        | A_9          | port    |
| A        | A_10         | port    |
| A        | A_11         | port    |
| A        | A_12         | port    |
| A        | A_13         | port    |
| A        | A_14         | port    |
| A        | A_15         | port    |
| A        | A_16         | port    |
| A        | A_17         | port    |
| A        | A_18         | port    |
| A        | A_19         | port    |
| A        | A_20         | port    |
| A        | A_21         | port    |
| A        | A_22         | port    |
| A        | A_23         | port    |
| A        | A_24         | port    |
| A        | A_25         | port    |
| A        | A_26         | port    |
| A        | A_27         | port    |
| A        | A_28         | port    |
| A        | A_29         | port    |
| A        | A_30         | port    |
| A        | A_31         | port    |
| A        | A_32         | port    |
| A        | A_33         | port    |
| A        | A_34         | port    |
| A        | A_35         | port    |
| A        | A_36         | port    |
| A        | A_37         | port    |
| A        | A_38         | port    |
| A        | A_39         | port    |
| A        | A_40         | port    |
| A        | A_41         | port    |
| A        | A_42         | port    |
| A        | A_43         | port    |
| A        | A_44         | port    |
| A        | A_45         | port    |
| A        | A_46         | port    |
| A        | A_47         | port    |
| A        | A_48         | port    |
| A        | A_49         | port    |
| A        | A_50         | port    |
| A        | A_51         | port    |
| A        | A_52         | port    |
| A        | A_53         | port    |
| A        | A_54         | port    |
| A        | A_55         | port    |
| A        | A_56         | port    |
| A        | A_57         | port    |
| A        | A_58         | port    |
| A        | A_59         | port    |
| A        | A_60         | port    |
| A        | A_61         | port    |
| A        | A_62         | port    |
| A        | A_63         | port    |
| B        | B_0          | port    |
| B        | B_1          | port    |
| B        | B_2          | port    |
| B        | B_3          | port    |
| B        | B_4          | port    |
| B        | B_5          | port    |
| B        | B_6          | port    |
| B        | B_7          | port    |
| B        | B_8          | port    |
| B        | B_9          | port    |
| B        | B_10         | port    |
| B        | B_11         | port    |
| B        | B_12         | port    |
| B        | B_13         | port    |
| B        | B_14         | port    |
| B        | B_15         | port    |
| B        | B_16         | port    |
| B        | B_17         | port    |
| B        | B_18         | port    |
| B        | B_19         | port    |
| B        | B_20         | port    |
| B        | B_21         | port    |
| B        | B_22         | port    |
| B        | B_23         | port    |
| B        | B_24         | port    |
| B        | B_25         | port    |
| B        | B_26         | port    |
| B        | B_27         | port    |
| B        | B_28         | port    |
| B        | B_29         | port    |
| B        | B_30         | port    |
| B        | B_31         | port    |
| B        | B_32         | port    |
| B        | B_33         | port    |
| B        | B_34         | port    |
| B        | B_35         | port    |
| B        | B_36         | port    |
| B        | B_37         | port    |
| B        | B_38         | port    |
| B        | B_39         | port    |
| B        | B_40         | port    |
| B        | B_41         | port    |
| B        | B_42         | port    |
| B        | B_43         | port    |
| B        | B_44         | port    |
| B        | B_45         | port    |
| B        | B_46         | port    |
| B        | B_47         | port    |
| B        | B_48         | port    |
| B        | B_49         | port    |
| B        | B_50         | port    |
| B        | B_51         | port    |
| B        | B_52         | port    |
| B        | B_53         | port    |
| B        | B_54         | port    |
| B        | B_55         | port    |
| B        | B_56         | port    |
| B        | B_57         | port    |
| B        | B_58         | port    |
| B        | B_59         | port    |
| B        | B_60         | port    |
| B        | B_61         | port    |
| B        | B_62         | port    |
| B        | B_63         | port    |
| C        | C_0          | port    |
| C        | C_0_ap_vld   | port    |
| C        | C_1          | port    |
| C        | C_1_ap_vld   | port    |
| C        | C_2          | port    |
| C        | C_2_ap_vld   | port    |
| C        | C_3          | port    |
| C        | C_3_ap_vld   | port    |
| C        | C_4          | port    |
| C        | C_4_ap_vld   | port    |
| C        | C_5          | port    |
| C        | C_5_ap_vld   | port    |
| C        | C_6          | port    |
| C        | C_6_ap_vld   | port    |
| C        | C_7          | port    |
| C        | C_7_ap_vld   | port    |
| C        | C_8          | port    |
| C        | C_8_ap_vld   | port    |
| C        | C_9          | port    |
| C        | C_9_ap_vld   | port    |
| C        | C_10         | port    |
| C        | C_10_ap_vld  | port    |
| C        | C_11         | port    |
| C        | C_11_ap_vld  | port    |
| C        | C_12         | port    |
| C        | C_12_ap_vld  | port    |
| C        | C_13         | port    |
| C        | C_13_ap_vld  | port    |
| C        | C_14         | port    |
| C        | C_14_ap_vld  | port    |
| C        | C_15         | port    |
| C        | C_15_ap_vld  | port    |
| C        | C_16         | port    |
| C        | C_16_ap_vld  | port    |
| C        | C_17         | port    |
| C        | C_17_ap_vld  | port    |
| C        | C_18         | port    |
| C        | C_18_ap_vld  | port    |
| C        | C_19         | port    |
| C        | C_19_ap_vld  | port    |
| C        | C_20         | port    |
| C        | C_20_ap_vld  | port    |
| C        | C_21         | port    |
| C        | C_21_ap_vld  | port    |
| C        | C_22         | port    |
| C        | C_22_ap_vld  | port    |
| C        | C_23         | port    |
| C        | C_23_ap_vld  | port    |
| C        | C_24         | port    |
| C        | C_24_ap_vld  | port    |
| C        | C_25         | port    |
| C        | C_25_ap_vld  | port    |
| C        | C_26         | port    |
| C        | C_26_ap_vld  | port    |
| C        | C_27         | port    |
| C        | C_27_ap_vld  | port    |
| C        | C_28         | port    |
| C        | C_28_ap_vld  | port    |
| C        | C_29         | port    |
| C        | C_29_ap_vld  | port    |
| C        | C_30         | port    |
| C        | C_30_ap_vld  | port    |
| C        | C_31         | port    |
| C        | C_31_ap_vld  | port    |
| C        | C_32         | port    |
| C        | C_32_ap_vld  | port    |
| C        | C_33         | port    |
| C        | C_33_ap_vld  | port    |
| C        | C_34         | port    |
| C        | C_34_ap_vld  | port    |
| C        | C_35         | port    |
| C        | C_35_ap_vld  | port    |
| C        | C_36         | port    |
| C        | C_36_ap_vld  | port    |
| C        | C_37         | port    |
| C        | C_37_ap_vld  | port    |
| C        | C_38         | port    |
| C        | C_38_ap_vld  | port    |
| C        | C_39         | port    |
| C        | C_39_ap_vld  | port    |
| C        | C_40         | port    |
| C        | C_40_ap_vld  | port    |
| C        | C_41         | port    |
| C        | C_41_ap_vld  | port    |
| C        | C_42         | port    |
| C        | C_42_ap_vld  | port    |
| C        | C_43         | port    |
| C        | C_43_ap_vld  | port    |
| C        | C_44         | port    |
| C        | C_44_ap_vld  | port    |
| C        | C_45         | port    |
| C        | C_45_ap_vld  | port    |
| C        | C_46         | port    |
| C        | C_46_ap_vld  | port    |
| C        | C_47         | port    |
| C        | C_47_ap_vld  | port    |
| C        | C_48         | port    |
| C        | C_48_ap_vld  | port    |
| C        | C_49         | port    |
| C        | C_49_ap_vld  | port    |
| C        | C_50         | port    |
| C        | C_50_ap_vld  | port    |
| C        | C_51         | port    |
| C        | C_51_ap_vld  | port    |
| C        | C_52         | port    |
| C        | C_52_ap_vld  | port    |
| C        | C_53         | port    |
| C        | C_53_ap_vld  | port    |
| C        | C_54         | port    |
| C        | C_54_ap_vld  | port    |
| C        | C_55         | port    |
| C        | C_55_ap_vld  | port    |
| C        | C_56         | port    |
| C        | C_56_ap_vld  | port    |
| C        | C_57         | port    |
| C        | C_57_ap_vld  | port    |
| C        | C_58         | port    |
| C        | C_58_ap_vld  | port    |
| C        | C_59         | port    |
| C        | C_59_ap_vld  | port    |
| C        | C_60         | port    |
| C        | C_60_ap_vld  | port    |
| C        | C_61         | port    |
| C        | C_61_ap_vld  | port    |
| C        | C_62         | port    |
| C        | C_62_ap_vld  | port    |
| C        | C_63         | port    |
| C        | C_63_ap_vld  | port    |
| D        | D_0          | port    |
| D        | D_0_ap_vld   | port    |
| D        | D_1          | port    |
| D        | D_1_ap_vld   | port    |
| D        | D_2          | port    |
| D        | D_2_ap_vld   | port    |
| D        | D_3          | port    |
| D        | D_3_ap_vld   | port    |
| D        | D_4          | port    |
| D        | D_4_ap_vld   | port    |
| D        | D_5          | port    |
| D        | D_5_ap_vld   | port    |
| D        | D_6          | port    |
| D        | D_6_ap_vld   | port    |
| D        | D_7          | port    |
| D        | D_7_ap_vld   | port    |
| D        | D_8          | port    |
| D        | D_8_ap_vld   | port    |
| D        | D_9          | port    |
| D        | D_9_ap_vld   | port    |
| D        | D_10         | port    |
| D        | D_10_ap_vld  | port    |
| D        | D_11         | port    |
| D        | D_11_ap_vld  | port    |
| D        | D_12         | port    |
| D        | D_12_ap_vld  | port    |
| D        | D_13         | port    |
| D        | D_13_ap_vld  | port    |
| D        | D_14         | port    |
| D        | D_14_ap_vld  | port    |
| D        | D_15         | port    |
| D        | D_15_ap_vld  | port    |
| D        | D_16         | port    |
| D        | D_16_ap_vld  | port    |
| D        | D_17         | port    |
| D        | D_17_ap_vld  | port    |
| D        | D_18         | port    |
| D        | D_18_ap_vld  | port    |
| D        | D_19         | port    |
| D        | D_19_ap_vld  | port    |
| D        | D_20         | port    |
| D        | D_20_ap_vld  | port    |
| D        | D_21         | port    |
| D        | D_21_ap_vld  | port    |
| D        | D_22         | port    |
| D        | D_22_ap_vld  | port    |
| D        | D_23         | port    |
| D        | D_23_ap_vld  | port    |
| D        | D_24         | port    |
| D        | D_24_ap_vld  | port    |
| D        | D_25         | port    |
| D        | D_25_ap_vld  | port    |
| D        | D_26         | port    |
| D        | D_26_ap_vld  | port    |
| D        | D_27         | port    |
| D        | D_27_ap_vld  | port    |
| D        | D_28         | port    |
| D        | D_28_ap_vld  | port    |
| D        | D_29         | port    |
| D        | D_29_ap_vld  | port    |
| D        | D_30         | port    |
| D        | D_30_ap_vld  | port    |
| D        | D_31         | port    |
| D        | D_31_ap_vld  | port    |
| D        | D_32         | port    |
| D        | D_32_ap_vld  | port    |
| D        | D_33         | port    |
| D        | D_33_ap_vld  | port    |
| D        | D_34         | port    |
| D        | D_34_ap_vld  | port    |
| D        | D_35         | port    |
| D        | D_35_ap_vld  | port    |
| D        | D_36         | port    |
| D        | D_36_ap_vld  | port    |
| D        | D_37         | port    |
| D        | D_37_ap_vld  | port    |
| D        | D_38         | port    |
| D        | D_38_ap_vld  | port    |
| D        | D_39         | port    |
| D        | D_39_ap_vld  | port    |
| D        | D_40         | port    |
| D        | D_40_ap_vld  | port    |
| D        | D_41         | port    |
| D        | D_41_ap_vld  | port    |
| D        | D_42         | port    |
| D        | D_42_ap_vld  | port    |
| D        | D_43         | port    |
| D        | D_43_ap_vld  | port    |
| D        | D_44         | port    |
| D        | D_44_ap_vld  | port    |
| D        | D_45         | port    |
| D        | D_45_ap_vld  | port    |
| D        | D_46         | port    |
| D        | D_46_ap_vld  | port    |
| D        | D_47         | port    |
| D        | D_47_ap_vld  | port    |
| D        | D_48         | port    |
| D        | D_48_ap_vld  | port    |
| D        | D_49         | port    |
| D        | D_49_ap_vld  | port    |
| D        | D_50         | port    |
| D        | D_50_ap_vld  | port    |
| D        | D_51         | port    |
| D        | D_51_ap_vld  | port    |
| D        | D_52         | port    |
| D        | D_52_ap_vld  | port    |
| D        | D_53         | port    |
| D        | D_53_ap_vld  | port    |
| D        | D_54         | port    |
| D        | D_54_ap_vld  | port    |
| D        | D_55         | port    |
| D        | D_55_ap_vld  | port    |
| D        | D_56         | port    |
| D        | D_56_ap_vld  | port    |
| D        | D_57         | port    |
| D        | D_57_ap_vld  | port    |
| D        | D_58         | port    |
| D        | D_58_ap_vld  | port    |
| D        | D_59         | port    |
| D        | D_59_ap_vld  | port    |
| D        | D_60         | port    |
| D        | D_60_ap_vld  | port    |
| D        | D_61         | port    |
| D        | D_61_ap_vld  | port    |
| D        | D_62         | port    |
| D        | D_62_ap_vld  | port    |
| D        | D_63         | port    |
| D        | D_63_ap_vld  | port    |
| E        | E_0          | port    |
| E        | E_0_ap_vld   | port    |
| E        | E_1          | port    |
| E        | E_1_ap_vld   | port    |
| E        | E_2          | port    |
| E        | E_2_ap_vld   | port    |
| E        | E_3          | port    |
| E        | E_3_ap_vld   | port    |
| E        | E_4          | port    |
| E        | E_4_ap_vld   | port    |
| E        | E_5          | port    |
| E        | E_5_ap_vld   | port    |
| E        | E_6          | port    |
| E        | E_6_ap_vld   | port    |
| E        | E_7          | port    |
| E        | E_7_ap_vld   | port    |
| E        | E_8          | port    |
| E        | E_8_ap_vld   | port    |
| E        | E_9          | port    |
| E        | E_9_ap_vld   | port    |
| E        | E_10         | port    |
| E        | E_10_ap_vld  | port    |
| E        | E_11         | port    |
| E        | E_11_ap_vld  | port    |
| E        | E_12         | port    |
| E        | E_12_ap_vld  | port    |
| E        | E_13         | port    |
| E        | E_13_ap_vld  | port    |
| E        | E_14         | port    |
| E        | E_14_ap_vld  | port    |
| E        | E_15         | port    |
| E        | E_15_ap_vld  | port    |
| E        | E_16         | port    |
| E        | E_16_ap_vld  | port    |
| E        | E_17         | port    |
| E        | E_17_ap_vld  | port    |
| E        | E_18         | port    |
| E        | E_18_ap_vld  | port    |
| E        | E_19         | port    |
| E        | E_19_ap_vld  | port    |
| E        | E_20         | port    |
| E        | E_20_ap_vld  | port    |
| E        | E_21         | port    |
| E        | E_21_ap_vld  | port    |
| E        | E_22         | port    |
| E        | E_22_ap_vld  | port    |
| E        | E_23         | port    |
| E        | E_23_ap_vld  | port    |
| E        | E_24         | port    |
| E        | E_24_ap_vld  | port    |
| E        | E_25         | port    |
| E        | E_25_ap_vld  | port    |
| E        | E_26         | port    |
| E        | E_26_ap_vld  | port    |
| E        | E_27         | port    |
| E        | E_27_ap_vld  | port    |
| E        | E_28         | port    |
| E        | E_28_ap_vld  | port    |
| E        | E_29         | port    |
| E        | E_29_ap_vld  | port    |
| E        | E_30         | port    |
| E        | E_30_ap_vld  | port    |
| E        | E_31         | port    |
| E        | E_31_ap_vld  | port    |
| E        | E_32         | port    |
| E        | E_32_ap_vld  | port    |
| E        | E_33         | port    |
| E        | E_33_ap_vld  | port    |
| E        | E_34         | port    |
| E        | E_34_ap_vld  | port    |
| E        | E_35         | port    |
| E        | E_35_ap_vld  | port    |
| E        | E_36         | port    |
| E        | E_36_ap_vld  | port    |
| E        | E_37         | port    |
| E        | E_37_ap_vld  | port    |
| E        | E_38         | port    |
| E        | E_38_ap_vld  | port    |
| E        | E_39         | port    |
| E        | E_39_ap_vld  | port    |
| E        | E_40         | port    |
| E        | E_40_ap_vld  | port    |
| E        | E_41         | port    |
| E        | E_41_ap_vld  | port    |
| E        | E_42         | port    |
| E        | E_42_ap_vld  | port    |
| E        | E_43         | port    |
| E        | E_43_ap_vld  | port    |
| E        | E_44         | port    |
| E        | E_44_ap_vld  | port    |
| E        | E_45         | port    |
| E        | E_45_ap_vld  | port    |
| E        | E_46         | port    |
| E        | E_46_ap_vld  | port    |
| E        | E_47         | port    |
| E        | E_47_ap_vld  | port    |
| E        | E_48         | port    |
| E        | E_48_ap_vld  | port    |
| E        | E_49         | port    |
| E        | E_49_ap_vld  | port    |
| E        | E_50         | port    |
| E        | E_50_ap_vld  | port    |
| E        | E_51         | port    |
| E        | E_51_ap_vld  | port    |
| E        | E_52         | port    |
| E        | E_52_ap_vld  | port    |
| E        | E_53         | port    |
| E        | E_53_ap_vld  | port    |
| E        | E_54         | port    |
| E        | E_54_ap_vld  | port    |
| E        | E_55         | port    |
| E        | E_55_ap_vld  | port    |
| E        | E_56         | port    |
| E        | E_56_ap_vld  | port    |
| E        | E_57         | port    |
| E        | E_57_ap_vld  | port    |
| E        | E_58         | port    |
| E        | E_58_ap_vld  | port    |
| E        | E_59         | port    |
| E        | E_59_ap_vld  | port    |
| E        | E_60         | port    |
| E        | E_60_ap_vld  | port    |
| E        | E_61         | port    |
| E        | E_61_ap_vld  | port    |
| E        | E_62         | port    |
| E        | E_62_ap_vld  | port    |
| E        | E_63         | port    |
| E        | E_63_ap_vld  | port    |
+----------+--------------+---------+


================================================================
== Bind Op Report
================================================================
+---------------------------+-----+--------+-------------+-----+--------+---------+
| Name                      | DSP | Pragma | Variable    | Op  | Impl   | Latency |
+---------------------------+-----+--------+-------------+-----+--------+---------+
| + q5_partition_unroll     | 384 |        |             |     |        |         |
|   sum_fu_3540_p2          |     |        | sum         | add | fabric | 0       |
|   mul_ln58_fu_2779_p1     |     |        | diff        | sub | fabric | 0       |
|   mul_32s_32s_32_1_1_U1   | 3   |        | mul_ln57    | mul | auto   | 0       |
|   mul_32s_32s_32_1_1_U2   | 3   |        | mul_ln58    | mul | auto   | 0       |
|   sum_64_fu_3555_p2       |     |        | sum_64      | add | fabric | 0       |
|   mul_ln58_1_fu_2791_p1   |     |        | diff_64     | sub | fabric | 0       |
|   mul_32s_32s_32_1_1_U3   | 3   |        | mul_ln57_1  | mul | auto   | 0       |
|   mul_32s_32s_32_1_1_U4   | 3   |        | mul_ln58_1  | mul | auto   | 0       |
|   sum_65_fu_3570_p2       |     |        | sum_65      | add | fabric | 0       |
|   mul_ln58_2_fu_2803_p1   |     |        | diff_65     | sub | fabric | 0       |
|   mul_32s_32s_32_1_1_U5   | 3   |        | mul_ln57_2  | mul | auto   | 0       |
|   mul_32s_32s_32_1_1_U6   | 3   |        | mul_ln58_2  | mul | auto   | 0       |
|   sum_66_fu_3585_p2       |     |        | sum_66      | add | fabric | 0       |
|   mul_ln58_3_fu_2815_p1   |     |        | diff_66     | sub | fabric | 0       |
|   mul_32s_32s_32_1_1_U7   | 3   |        | mul_ln57_3  | mul | auto   | 0       |
|   mul_32s_32s_32_1_1_U8   | 3   |        | mul_ln58_3  | mul | auto   | 0       |
|   sum_67_fu_3600_p2       |     |        | sum_67      | add | fabric | 0       |
|   mul_ln58_4_fu_2827_p1   |     |        | diff_67     | sub | fabric | 0       |
|   mul_32s_32s_32_1_1_U9   | 3   |        | mul_ln57_4  | mul | auto   | 0       |
|   mul_32s_32s_32_1_1_U10  | 3   |        | mul_ln58_4  | mul | auto   | 0       |
|   sum_68_fu_3615_p2       |     |        | sum_68      | add | fabric | 0       |
|   mul_ln58_5_fu_2839_p1   |     |        | diff_68     | sub | fabric | 0       |
|   mul_32s_32s_32_1_1_U11  | 3   |        | mul_ln57_5  | mul | auto   | 0       |
|   mul_32s_32s_32_1_1_U12  | 3   |        | mul_ln58_5  | mul | auto   | 0       |
|   sum_69_fu_3630_p2       |     |        | sum_69      | add | fabric | 0       |
|   mul_ln58_6_fu_2851_p1   |     |        | diff_69     | sub | fabric | 0       |
|   mul_32s_32s_32_1_1_U13  | 3   |        | mul_ln57_6  | mul | auto   | 0       |
|   mul_32s_32s_32_1_1_U14  | 3   |        | mul_ln58_6  | mul | auto   | 0       |
|   sum_70_fu_3645_p2       |     |        | sum_70      | add | fabric | 0       |
|   mul_ln58_7_fu_2863_p1   |     |        | diff_70     | sub | fabric | 0       |
|   mul_32s_32s_32_1_1_U15  | 3   |        | mul_ln57_7  | mul | auto   | 0       |
|   mul_32s_32s_32_1_1_U16  | 3   |        | mul_ln58_7  | mul | auto   | 0       |
|   sum_71_fu_3660_p2       |     |        | sum_71      | add | fabric | 0       |
|   mul_ln58_8_fu_2875_p1   |     |        | diff_71     | sub | fabric | 0       |
|   mul_32s_32s_32_1_1_U17  | 3   |        | mul_ln57_8  | mul | auto   | 0       |
|   mul_32s_32s_32_1_1_U18  | 3   |        | mul_ln58_8  | mul | auto   | 0       |
|   sum_72_fu_3675_p2       |     |        | sum_72      | add | fabric | 0       |
|   mul_ln58_9_fu_2887_p1   |     |        | diff_72     | sub | fabric | 0       |
|   mul_32s_32s_32_1_1_U19  | 3   |        | mul_ln57_9  | mul | auto   | 0       |
|   mul_32s_32s_32_1_1_U20  | 3   |        | mul_ln58_9  | mul | auto   | 0       |
|   sum_73_fu_3690_p2       |     |        | sum_73      | add | fabric | 0       |
|   mul_ln58_10_fu_2899_p1  |     |        | diff_73     | sub | fabric | 0       |
|   mul_32s_32s_32_1_1_U21  | 3   |        | mul_ln57_10 | mul | auto   | 0       |
|   mul_32s_32s_32_1_1_U22  | 3   |        | mul_ln58_10 | mul | auto   | 0       |
|   sum_74_fu_3705_p2       |     |        | sum_74      | add | fabric | 0       |
|   mul_ln58_11_fu_2911_p1  |     |        | diff_74     | sub | fabric | 0       |
|   mul_32s_32s_32_1_1_U23  | 3   |        | mul_ln57_11 | mul | auto   | 0       |
|   mul_32s_32s_32_1_1_U24  | 3   |        | mul_ln58_11 | mul | auto   | 0       |
|   sum_75_fu_3720_p2       |     |        | sum_75      | add | fabric | 0       |
|   mul_ln58_12_fu_2923_p1  |     |        | diff_75     | sub | fabric | 0       |
|   mul_32s_32s_32_1_1_U25  | 3   |        | mul_ln57_12 | mul | auto   | 0       |
|   mul_32s_32s_32_1_1_U26  | 3   |        | mul_ln58_12 | mul | auto   | 0       |
|   sum_76_fu_3735_p2       |     |        | sum_76      | add | fabric | 0       |
|   mul_ln58_13_fu_2935_p1  |     |        | diff_76     | sub | fabric | 0       |
|   mul_32s_32s_32_1_1_U27  | 3   |        | mul_ln57_13 | mul | auto   | 0       |
|   mul_32s_32s_32_1_1_U28  | 3   |        | mul_ln58_13 | mul | auto   | 0       |
|   sum_77_fu_3750_p2       |     |        | sum_77      | add | fabric | 0       |
|   mul_ln58_14_fu_2947_p1  |     |        | diff_77     | sub | fabric | 0       |
|   mul_32s_32s_32_1_1_U29  | 3   |        | mul_ln57_14 | mul | auto   | 0       |
|   mul_32s_32s_32_1_1_U30  | 3   |        | mul_ln58_14 | mul | auto   | 0       |
|   sum_78_fu_3765_p2       |     |        | sum_78      | add | fabric | 0       |
|   mul_ln58_15_fu_2959_p1  |     |        | diff_78     | sub | fabric | 0       |
|   mul_32s_32s_32_1_1_U31  | 3   |        | mul_ln57_15 | mul | auto   | 0       |
|   mul_32s_32s_32_1_1_U32  | 3   |        | mul_ln58_15 | mul | auto   | 0       |
|   sum_79_fu_3780_p2       |     |        | sum_79      | add | fabric | 0       |
|   mul_ln58_16_fu_2971_p1  |     |        | diff_79     | sub | fabric | 0       |
|   mul_32s_32s_32_1_1_U33  | 3   |        | mul_ln57_16 | mul | auto   | 0       |
|   mul_32s_32s_32_1_1_U34  | 3   |        | mul_ln58_16 | mul | auto   | 0       |
|   sum_80_fu_3795_p2       |     |        | sum_80      | add | fabric | 0       |
|   mul_ln58_17_fu_2983_p1  |     |        | diff_80     | sub | fabric | 0       |
|   mul_32s_32s_32_1_1_U35  | 3   |        | mul_ln57_17 | mul | auto   | 0       |
|   mul_32s_32s_32_1_1_U36  | 3   |        | mul_ln58_17 | mul | auto   | 0       |
|   sum_81_fu_3810_p2       |     |        | sum_81      | add | fabric | 0       |
|   mul_ln58_18_fu_2995_p1  |     |        | diff_81     | sub | fabric | 0       |
|   mul_32s_32s_32_1_1_U37  | 3   |        | mul_ln57_18 | mul | auto   | 0       |
|   mul_32s_32s_32_1_1_U38  | 3   |        | mul_ln58_18 | mul | auto   | 0       |
|   sum_82_fu_3825_p2       |     |        | sum_82      | add | fabric | 0       |
|   mul_ln58_19_fu_3007_p1  |     |        | diff_82     | sub | fabric | 0       |
|   mul_32s_32s_32_1_1_U39  | 3   |        | mul_ln57_19 | mul | auto   | 0       |
|   mul_32s_32s_32_1_1_U40  | 3   |        | mul_ln58_19 | mul | auto   | 0       |
|   sum_83_fu_3840_p2       |     |        | sum_83      | add | fabric | 0       |
|   mul_ln58_20_fu_3019_p1  |     |        | diff_83     | sub | fabric | 0       |
|   mul_32s_32s_32_1_1_U41  | 3   |        | mul_ln57_20 | mul | auto   | 0       |
|   mul_32s_32s_32_1_1_U42  | 3   |        | mul_ln58_20 | mul | auto   | 0       |
|   sum_84_fu_3855_p2       |     |        | sum_84      | add | fabric | 0       |
|   mul_ln58_21_fu_3031_p1  |     |        | diff_84     | sub | fabric | 0       |
|   mul_32s_32s_32_1_1_U43  | 3   |        | mul_ln57_21 | mul | auto   | 0       |
|   mul_32s_32s_32_1_1_U44  | 3   |        | mul_ln58_21 | mul | auto   | 0       |
|   sum_85_fu_3870_p2       |     |        | sum_85      | add | fabric | 0       |
|   mul_ln58_22_fu_3043_p1  |     |        | diff_85     | sub | fabric | 0       |
|   mul_32s_32s_32_1_1_U45  | 3   |        | mul_ln57_22 | mul | auto   | 0       |
|   mul_32s_32s_32_1_1_U46  | 3   |        | mul_ln58_22 | mul | auto   | 0       |
|   sum_86_fu_3885_p2       |     |        | sum_86      | add | fabric | 0       |
|   mul_ln58_23_fu_3055_p1  |     |        | diff_86     | sub | fabric | 0       |
|   mul_32s_32s_32_1_1_U47  | 3   |        | mul_ln57_23 | mul | auto   | 0       |
|   mul_32s_32s_32_1_1_U48  | 3   |        | mul_ln58_23 | mul | auto   | 0       |
|   sum_87_fu_3900_p2       |     |        | sum_87      | add | fabric | 0       |
|   mul_ln58_24_fu_3067_p1  |     |        | diff_87     | sub | fabric | 0       |
|   mul_32s_32s_32_1_1_U49  | 3   |        | mul_ln57_24 | mul | auto   | 0       |
|   mul_32s_32s_32_1_1_U50  | 3   |        | mul_ln58_24 | mul | auto   | 0       |
|   sum_88_fu_3915_p2       |     |        | sum_88      | add | fabric | 0       |
|   mul_ln58_25_fu_3079_p1  |     |        | diff_88     | sub | fabric | 0       |
|   mul_32s_32s_32_1_1_U51  | 3   |        | mul_ln57_25 | mul | auto   | 0       |
|   mul_32s_32s_32_1_1_U52  | 3   |        | mul_ln58_25 | mul | auto   | 0       |
|   sum_89_fu_3930_p2       |     |        | sum_89      | add | fabric | 0       |
|   mul_ln58_26_fu_3091_p1  |     |        | diff_89     | sub | fabric | 0       |
|   mul_32s_32s_32_1_1_U53  | 3   |        | mul_ln57_26 | mul | auto   | 0       |
|   mul_32s_32s_32_1_1_U54  | 3   |        | mul_ln58_26 | mul | auto   | 0       |
|   sum_90_fu_3945_p2       |     |        | sum_90      | add | fabric | 0       |
|   mul_ln58_27_fu_3103_p1  |     |        | diff_90     | sub | fabric | 0       |
|   mul_32s_32s_32_1_1_U55  | 3   |        | mul_ln57_27 | mul | auto   | 0       |
|   mul_32s_32s_32_1_1_U56  | 3   |        | mul_ln58_27 | mul | auto   | 0       |
|   sum_91_fu_3960_p2       |     |        | sum_91      | add | fabric | 0       |
|   mul_ln58_28_fu_3115_p1  |     |        | diff_91     | sub | fabric | 0       |
|   mul_32s_32s_32_1_1_U57  | 3   |        | mul_ln57_28 | mul | auto   | 0       |
|   mul_32s_32s_32_1_1_U58  | 3   |        | mul_ln58_28 | mul | auto   | 0       |
|   sum_92_fu_3975_p2       |     |        | sum_92      | add | fabric | 0       |
|   mul_ln58_29_fu_3127_p1  |     |        | diff_92     | sub | fabric | 0       |
|   mul_32s_32s_32_1_1_U59  | 3   |        | mul_ln57_29 | mul | auto   | 0       |
|   mul_32s_32s_32_1_1_U60  | 3   |        | mul_ln58_29 | mul | auto   | 0       |
|   sum_93_fu_3990_p2       |     |        | sum_93      | add | fabric | 0       |
|   mul_ln58_30_fu_3139_p1  |     |        | diff_93     | sub | fabric | 0       |
|   mul_32s_32s_32_1_1_U61  | 3   |        | mul_ln57_30 | mul | auto   | 0       |
|   mul_32s_32s_32_1_1_U62  | 3   |        | mul_ln58_30 | mul | auto   | 0       |
|   sum_94_fu_4005_p2       |     |        | sum_94      | add | fabric | 0       |
|   mul_ln58_31_fu_3151_p1  |     |        | diff_94     | sub | fabric | 0       |
|   mul_32s_32s_32_1_1_U63  | 3   |        | mul_ln57_31 | mul | auto   | 0       |
|   mul_32s_32s_32_1_1_U64  | 3   |        | mul_ln58_31 | mul | auto   | 0       |
|   sum_95_fu_4020_p2       |     |        | sum_95      | add | fabric | 0       |
|   mul_ln58_32_fu_3163_p1  |     |        | diff_95     | sub | fabric | 0       |
|   mul_32s_32s_32_1_1_U65  | 3   |        | mul_ln57_32 | mul | auto   | 0       |
|   mul_32s_32s_32_1_1_U66  | 3   |        | mul_ln58_32 | mul | auto   | 0       |
|   sum_96_fu_4035_p2       |     |        | sum_96      | add | fabric | 0       |
|   mul_ln58_33_fu_3175_p1  |     |        | diff_96     | sub | fabric | 0       |
|   mul_32s_32s_32_1_1_U67  | 3   |        | mul_ln57_33 | mul | auto   | 0       |
|   mul_32s_32s_32_1_1_U68  | 3   |        | mul_ln58_33 | mul | auto   | 0       |
|   sum_97_fu_4050_p2       |     |        | sum_97      | add | fabric | 0       |
|   mul_ln58_34_fu_3187_p1  |     |        | diff_97     | sub | fabric | 0       |
|   mul_32s_32s_32_1_1_U69  | 3   |        | mul_ln57_34 | mul | auto   | 0       |
|   mul_32s_32s_32_1_1_U70  | 3   |        | mul_ln58_34 | mul | auto   | 0       |
|   sum_98_fu_4065_p2       |     |        | sum_98      | add | fabric | 0       |
|   mul_ln58_35_fu_3199_p1  |     |        | diff_98     | sub | fabric | 0       |
|   mul_32s_32s_32_1_1_U71  | 3   |        | mul_ln57_35 | mul | auto   | 0       |
|   mul_32s_32s_32_1_1_U72  | 3   |        | mul_ln58_35 | mul | auto   | 0       |
|   sum_99_fu_4080_p2       |     |        | sum_99      | add | fabric | 0       |
|   mul_ln58_36_fu_3211_p1  |     |        | diff_99     | sub | fabric | 0       |
|   mul_32s_32s_32_1_1_U73  | 3   |        | mul_ln57_36 | mul | auto   | 0       |
|   mul_32s_32s_32_1_1_U74  | 3   |        | mul_ln58_36 | mul | auto   | 0       |
|   sum_100_fu_4095_p2      |     |        | sum_100     | add | fabric | 0       |
|   mul_ln58_37_fu_3223_p1  |     |        | diff_100    | sub | fabric | 0       |
|   mul_32s_32s_32_1_1_U75  | 3   |        | mul_ln57_37 | mul | auto   | 0       |
|   mul_32s_32s_32_1_1_U76  | 3   |        | mul_ln58_37 | mul | auto   | 0       |
|   sum_101_fu_4110_p2      |     |        | sum_101     | add | fabric | 0       |
|   mul_ln58_38_fu_3235_p1  |     |        | diff_101    | sub | fabric | 0       |
|   mul_32s_32s_32_1_1_U77  | 3   |        | mul_ln57_38 | mul | auto   | 0       |
|   mul_32s_32s_32_1_1_U78  | 3   |        | mul_ln58_38 | mul | auto   | 0       |
|   sum_102_fu_4125_p2      |     |        | sum_102     | add | fabric | 0       |
|   mul_ln58_39_fu_3247_p1  |     |        | diff_102    | sub | fabric | 0       |
|   mul_32s_32s_32_1_1_U79  | 3   |        | mul_ln57_39 | mul | auto   | 0       |
|   mul_32s_32s_32_1_1_U80  | 3   |        | mul_ln58_39 | mul | auto   | 0       |
|   sum_103_fu_4140_p2      |     |        | sum_103     | add | fabric | 0       |
|   mul_ln58_40_fu_3259_p1  |     |        | diff_103    | sub | fabric | 0       |
|   mul_32s_32s_32_1_1_U81  | 3   |        | mul_ln57_40 | mul | auto   | 0       |
|   mul_32s_32s_32_1_1_U82  | 3   |        | mul_ln58_40 | mul | auto   | 0       |
|   sum_104_fu_4155_p2      |     |        | sum_104     | add | fabric | 0       |
|   mul_ln58_41_fu_3271_p1  |     |        | diff_104    | sub | fabric | 0       |
|   mul_32s_32s_32_1_1_U83  | 3   |        | mul_ln57_41 | mul | auto   | 0       |
|   mul_32s_32s_32_1_1_U84  | 3   |        | mul_ln58_41 | mul | auto   | 0       |
|   sum_105_fu_4170_p2      |     |        | sum_105     | add | fabric | 0       |
|   mul_ln58_42_fu_3283_p1  |     |        | diff_105    | sub | fabric | 0       |
|   mul_32s_32s_32_1_1_U85  | 3   |        | mul_ln57_42 | mul | auto   | 0       |
|   mul_32s_32s_32_1_1_U86  | 3   |        | mul_ln58_42 | mul | auto   | 0       |
|   sum_106_fu_4185_p2      |     |        | sum_106     | add | fabric | 0       |
|   mul_ln58_43_fu_3295_p1  |     |        | diff_106    | sub | fabric | 0       |
|   mul_32s_32s_32_1_1_U87  | 3   |        | mul_ln57_43 | mul | auto   | 0       |
|   mul_32s_32s_32_1_1_U88  | 3   |        | mul_ln58_43 | mul | auto   | 0       |
|   sum_107_fu_4200_p2      |     |        | sum_107     | add | fabric | 0       |
|   mul_ln58_44_fu_3307_p1  |     |        | diff_107    | sub | fabric | 0       |
|   mul_32s_32s_32_1_1_U89  | 3   |        | mul_ln57_44 | mul | auto   | 0       |
|   mul_32s_32s_32_1_1_U90  | 3   |        | mul_ln58_44 | mul | auto   | 0       |
|   sum_108_fu_4215_p2      |     |        | sum_108     | add | fabric | 0       |
|   mul_ln58_45_fu_3319_p1  |     |        | diff_108    | sub | fabric | 0       |
|   mul_32s_32s_32_1_1_U91  | 3   |        | mul_ln57_45 | mul | auto   | 0       |
|   mul_32s_32s_32_1_1_U92  | 3   |        | mul_ln58_45 | mul | auto   | 0       |
|   sum_109_fu_4230_p2      |     |        | sum_109     | add | fabric | 0       |
|   mul_ln58_46_fu_3331_p1  |     |        | diff_109    | sub | fabric | 0       |
|   mul_32s_32s_32_1_1_U93  | 3   |        | mul_ln57_46 | mul | auto   | 0       |
|   mul_32s_32s_32_1_1_U94  | 3   |        | mul_ln58_46 | mul | auto   | 0       |
|   sum_110_fu_4245_p2      |     |        | sum_110     | add | fabric | 0       |
|   mul_ln58_47_fu_3343_p1  |     |        | diff_110    | sub | fabric | 0       |
|   mul_32s_32s_32_1_1_U95  | 3   |        | mul_ln57_47 | mul | auto   | 0       |
|   mul_32s_32s_32_1_1_U96  | 3   |        | mul_ln58_47 | mul | auto   | 0       |
|   sum_111_fu_4260_p2      |     |        | sum_111     | add | fabric | 0       |
|   mul_ln58_48_fu_3355_p1  |     |        | diff_111    | sub | fabric | 0       |
|   mul_32s_32s_32_1_1_U97  | 3   |        | mul_ln57_48 | mul | auto   | 0       |
|   mul_32s_32s_32_1_1_U98  | 3   |        | mul_ln58_48 | mul | auto   | 0       |
|   sum_112_fu_4275_p2      |     |        | sum_112     | add | fabric | 0       |
|   mul_ln58_49_fu_3367_p1  |     |        | diff_112    | sub | fabric | 0       |
|   mul_32s_32s_32_1_1_U99  | 3   |        | mul_ln57_49 | mul | auto   | 0       |
|   mul_32s_32s_32_1_1_U100 | 3   |        | mul_ln58_49 | mul | auto   | 0       |
|   sum_113_fu_4290_p2      |     |        | sum_113     | add | fabric | 0       |
|   mul_ln58_50_fu_3379_p1  |     |        | diff_113    | sub | fabric | 0       |
|   mul_32s_32s_32_1_1_U101 | 3   |        | mul_ln57_50 | mul | auto   | 0       |
|   mul_32s_32s_32_1_1_U102 | 3   |        | mul_ln58_50 | mul | auto   | 0       |
|   sum_114_fu_4305_p2      |     |        | sum_114     | add | fabric | 0       |
|   mul_ln58_51_fu_3391_p1  |     |        | diff_114    | sub | fabric | 0       |
|   mul_32s_32s_32_1_1_U103 | 3   |        | mul_ln57_51 | mul | auto   | 0       |
|   mul_32s_32s_32_1_1_U104 | 3   |        | mul_ln58_51 | mul | auto   | 0       |
|   sum_115_fu_4320_p2      |     |        | sum_115     | add | fabric | 0       |
|   mul_ln58_52_fu_3403_p1  |     |        | diff_115    | sub | fabric | 0       |
|   mul_32s_32s_32_1_1_U105 | 3   |        | mul_ln57_52 | mul | auto   | 0       |
|   mul_32s_32s_32_1_1_U106 | 3   |        | mul_ln58_52 | mul | auto   | 0       |
|   sum_116_fu_4335_p2      |     |        | sum_116     | add | fabric | 0       |
|   mul_ln58_53_fu_3415_p1  |     |        | diff_116    | sub | fabric | 0       |
|   mul_32s_32s_32_1_1_U107 | 3   |        | mul_ln57_53 | mul | auto   | 0       |
|   mul_32s_32s_32_1_1_U108 | 3   |        | mul_ln58_53 | mul | auto   | 0       |
|   sum_117_fu_4350_p2      |     |        | sum_117     | add | fabric | 0       |
|   mul_ln58_54_fu_3427_p1  |     |        | diff_117    | sub | fabric | 0       |
|   mul_32s_32s_32_1_1_U109 | 3   |        | mul_ln57_54 | mul | auto   | 0       |
|   mul_32s_32s_32_1_1_U110 | 3   |        | mul_ln58_54 | mul | auto   | 0       |
|   sum_118_fu_4365_p2      |     |        | sum_118     | add | fabric | 0       |
|   mul_ln58_55_fu_3439_p1  |     |        | diff_118    | sub | fabric | 0       |
|   mul_32s_32s_32_1_1_U111 | 3   |        | mul_ln57_55 | mul | auto   | 0       |
|   mul_32s_32s_32_1_1_U112 | 3   |        | mul_ln58_55 | mul | auto   | 0       |
|   sum_119_fu_4380_p2      |     |        | sum_119     | add | fabric | 0       |
|   mul_ln58_56_fu_3451_p1  |     |        | diff_119    | sub | fabric | 0       |
|   mul_32s_32s_32_1_1_U113 | 3   |        | mul_ln57_56 | mul | auto   | 0       |
|   mul_32s_32s_32_1_1_U114 | 3   |        | mul_ln58_56 | mul | auto   | 0       |
|   sum_120_fu_4395_p2      |     |        | sum_120     | add | fabric | 0       |
|   mul_ln58_57_fu_3463_p1  |     |        | diff_120    | sub | fabric | 0       |
|   mul_32s_32s_32_1_1_U115 | 3   |        | mul_ln57_57 | mul | auto   | 0       |
|   mul_32s_32s_32_1_1_U116 | 3   |        | mul_ln58_57 | mul | auto   | 0       |
|   sum_121_fu_4410_p2      |     |        | sum_121     | add | fabric | 0       |
|   mul_ln58_58_fu_3475_p1  |     |        | diff_121    | sub | fabric | 0       |
|   mul_32s_32s_32_1_1_U117 | 3   |        | mul_ln57_58 | mul | auto   | 0       |
|   mul_32s_32s_32_1_1_U118 | 3   |        | mul_ln58_58 | mul | auto   | 0       |
|   sum_122_fu_4425_p2      |     |        | sum_122     | add | fabric | 0       |
|   mul_ln58_59_fu_3487_p1  |     |        | diff_122    | sub | fabric | 0       |
|   mul_32s_32s_32_1_1_U119 | 3   |        | mul_ln57_59 | mul | auto   | 0       |
|   mul_32s_32s_32_1_1_U120 | 3   |        | mul_ln58_59 | mul | auto   | 0       |
|   sum_123_fu_4440_p2      |     |        | sum_123     | add | fabric | 0       |
|   mul_ln58_60_fu_3499_p1  |     |        | diff_123    | sub | fabric | 0       |
|   mul_32s_32s_32_1_1_U121 | 3   |        | mul_ln57_60 | mul | auto   | 0       |
|   mul_32s_32s_32_1_1_U122 | 3   |        | mul_ln58_60 | mul | auto   | 0       |
|   sum_124_fu_4455_p2      |     |        | sum_124     | add | fabric | 0       |
|   mul_ln58_61_fu_3511_p1  |     |        | diff_124    | sub | fabric | 0       |
|   mul_32s_32s_32_1_1_U123 | 3   |        | mul_ln57_61 | mul | auto   | 0       |
|   mul_32s_32s_32_1_1_U124 | 3   |        | mul_ln58_61 | mul | auto   | 0       |
|   sum_125_fu_4470_p2      |     |        | sum_125     | add | fabric | 0       |
|   mul_ln58_62_fu_3523_p1  |     |        | diff_125    | sub | fabric | 0       |
|   mul_32s_32s_32_1_1_U125 | 3   |        | mul_ln57_62 | mul | auto   | 0       |
|   mul_32s_32s_32_1_1_U126 | 3   |        | mul_ln58_62 | mul | auto   | 0       |
|   sum_63_fu_4485_p2       |     |        | sum_63      | add | fabric | 0       |
|   mul_ln58_63_fu_3535_p1  |     |        | diff_63     | sub | fabric | 0       |
|   mul_32s_32s_32_1_1_U127 | 3   |        | mul_ln57_63 | mul | auto   | 0       |
|   mul_32s_32s_32_1_1_U128 | 3   |        | mul_ln58_63 | mul | auto   | 0       |
+---------------------------+-----+--------+-------------+-----+--------+---------+


================================================================
== Storage Report
================================================================
  No bind storage info in design

================================================================
== Pragma Report
================================================================
* Valid Pragma Syntax
+-----------------+---------------------------+--------------------------------------------+
| Type            | Options                   | Location                                   |
+-----------------+---------------------------+--------------------------------------------+
| unroll          |                           | q5_kernel.cpp:29 in q5_unroll              |
| array_partition | variable=A complete dim=1 | q5_kernel.cpp:46 in q5_partition_unroll, A |
| array_partition | variable=B complete dim=1 | q5_kernel.cpp:47 in q5_partition_unroll, B |
| array_partition | variable=C complete dim=1 | q5_kernel.cpp:48 in q5_partition_unroll, C |
| array_partition | variable=D complete dim=1 | q5_kernel.cpp:49 in q5_partition_unroll, D |
| array_partition | variable=E complete dim=1 | q5_kernel.cpp:50 in q5_partition_unroll, E |
| unroll          |                           | q5_kernel.cpp:52 in q5_partition_unroll    |
+-----------------+---------------------------+--------------------------------------------+


