

================================================================
== Vitis HLS Report for 'vector_mult_bram'
================================================================
* Date:           Sun May  3 14:47:38 2026

* Version:        2024.1 (Build 5069499 on May 21 2024)
* Project:        hw3_vector_mult_bram
* Solution:       solution1 (Vivado IP Flow Target)
* Product family: virtexuplus
* Target device:  xcvu13p-fsga2577-2-e


================================================================
== Performance Estimates
================================================================
+ Timing: 
    * Summary: 
    +--------+----------+----------+------------+
    |  Clock |  Target  | Estimated| Uncertainty|
    +--------+----------+----------+------------+
    |ap_clk  |  25.00 ns|  4.568 ns|     6.75 ns|
    +--------+----------+----------+------------+

+ Latency: 
    * Summary: 
    +---------+---------+----------+----------+-----+-----+-----------------------------------------------+
    |  Latency (cycles) |  Latency (absolute) |  Interval |                    Pipeline                   |
    |   min   |   max   |    min   |    max   | min | max |                      Type                     |
    +---------+---------+----------+----------+-----+-----+-----------------------------------------------+
    |       18|       18|  0.450 us|  0.450 us|   16|   16|  loop auto-rewind stp(delay=0 clock cycles(s))|
    +---------+---------+----------+----------+-----+-----+-----------------------------------------------+

    + Detail: 
        * Instance: 
        N/A

        * Loop: 
        +------------------+---------+---------+----------+-----------+-----------+------+----------+
        |                  |  Latency (cycles) | Iteration|  Initiation Interval  | Trip |          |
        |     Loop Name    |   min   |   max   |  Latency |  achieved |   target  | Count| Pipelined|
        +------------------+---------+---------+----------+-----------+-----------+------+----------+
        |- VITIS_LOOP_8_1  |       16|       16|         2|          1|          1|    16|       yes|
        +------------------+---------+---------+----------+-----------+-----------+------+----------+



================================================================
== Utilization Estimates
================================================================
* Summary: 
+---------------------+---------+-------+---------+---------+------+
|         Name        | BRAM_18K|  DSP  |    FF   |   LUT   | URAM |
+---------------------+---------+-------+---------+---------+------+
|DSP                  |        -|      -|        -|        -|     -|
|Expression           |        -|      -|        0|       28|     -|
|FIFO                 |        -|      -|        -|        -|     -|
|Instance             |        -|      3|        0|       20|     -|
|Memory               |        -|      -|        -|        -|     -|
|Multiplexer          |        -|      -|        0|       45|     -|
|Register             |        -|      -|       12|        -|     -|
+---------------------+---------+-------+---------+---------+------+
|Total                |        0|      3|       12|       93|     0|
+---------------------+---------+-------+---------+---------+------+
|Available SLR        |     1344|   3072|   864000|   432000|   320|
+---------------------+---------+-------+---------+---------+------+
|Utilization SLR (%)  |        0|     ~0|       ~0|       ~0|     0|
+---------------------+---------+-------+---------+---------+------+
|Available            |     5376|  12288|  3456000|  1728000|  1280|
+---------------------+---------+-------+---------+---------+------+
|Utilization (%)      |        0|     ~0|       ~0|       ~0|     0|
+---------------------+---------+-------+---------+---------+------+

+ Detail: 
    * Instance: 
    +-----------------------+--------------------+---------+----+---+----+-----+
    |        Instance       |       Module       | BRAM_18K| DSP| FF| LUT| URAM|
    +-----------------------+--------------------+---------+----+---+----+-----+
    |mul_32s_32s_32_1_1_U1  |mul_32s_32s_32_1_1  |        0|   3|  0|  20|    0|
    +-----------------------+--------------------+---------+----+---+----+-----+
    |Total                  |                    |        0|   3|  0|  20|    0|
    +-----------------------+--------------------+---------+----+---+----+-----+

    * DSP: 
    N/A

    * Memory: 
    N/A

    * FIFO: 
    N/A

    * Expression: 
    +--------------------+----------+----+---+----+------------+------------+
    |    Variable Name   | Operation| DSP| FF| LUT| Bitwidth P0| Bitwidth P1|
    +--------------------+----------+----+---+----+------------+------------+
    |i_fu_106_p2         |         +|   0|  0|  12|           4|           1|
    |ap_condition_100    |       and|   0|  0|   2|           1|           1|
    |icmp_ln8_fu_112_p2  |      icmp|   0|  0|  12|           4|           2|
    |ap_enable_pp0       |       xor|   0|  0|   2|           1|           2|
    +--------------------+----------+----+---+----+------------+------------+
    |Total               |          |   0|  0|  28|          10|           6|
    +--------------------+----------+----+---+----+------------+------------+

    * Multiplexer: 
    +----------------------------------+----+-----------+-----+-----------+
    |               Name               | LUT| Input Size| Bits| Total Bits|
    +----------------------------------+----+-----------+-----+-----------+
    |ap_done_int                       |   9|          2|    1|          2|
    |ap_loop_exit_ready_pp0_iter1_reg  |   9|          2|    1|          2|
    |ap_sig_allocacmp_i1_load          |   9|          2|    4|          8|
    |c_WEN_A_local                     |   9|          2|    4|          8|
    |i1_fu_42                          |   9|          2|    4|          8|
    +----------------------------------+----+-----------+-----+-----------+
    |Total                             |  45|         10|   14|         28|
    +----------------------------------+----+-----------+-----+-----------+

    * Register: 
    +----------------------------------+---+----+-----+-----------+
    |               Name               | FF| LUT| Bits| Const Bits|
    +----------------------------------+---+----+-----+-----------+
    |ap_CS_fsm                         |  1|   0|    1|          0|
    |ap_done_reg                       |  1|   0|    1|          0|
    |ap_enable_reg_pp0_iter1           |  1|   0|    1|          0|
    |ap_loop_exit_ready_pp0_iter1_reg  |  1|   0|    1|          0|
    |i1_fu_42                          |  4|   0|    4|          0|
    |zext_ln8_reg_130                  |  4|   0|   64|         60|
    +----------------------------------+---+----+-----+-----------+
    |Total                             | 12|   0|   72|         60|
    +----------------------------------+---+----+-----+-----------+



================================================================
== Interface
================================================================
* Summary: 
+----------+-----+-----+------------+------------------+--------------+
| RTL Ports| Dir | Bits|  Protocol  |   Source Object  |    C Type    |
+----------+-----+-----+------------+------------------+--------------+
|ap_clk    |   in|    1|  ap_ctrl_hs|  vector_mult_bram|  return value|
|ap_rst    |   in|    1|  ap_ctrl_hs|  vector_mult_bram|  return value|
|ap_start  |   in|    1|  ap_ctrl_hs|  vector_mult_bram|  return value|
|ap_done   |  out|    1|  ap_ctrl_hs|  vector_mult_bram|  return value|
|ap_idle   |  out|    1|  ap_ctrl_hs|  vector_mult_bram|  return value|
|ap_ready  |  out|    1|  ap_ctrl_hs|  vector_mult_bram|  return value|
|a_Addr_A  |  out|   32|        bram|                 a|         array|
|a_EN_A    |  out|    1|        bram|                 a|         array|
|a_WEN_A   |  out|    4|        bram|                 a|         array|
|a_Din_A   |  out|   32|        bram|                 a|         array|
|a_Dout_A  |   in|   32|        bram|                 a|         array|
|a_Clk_A   |  out|    1|        bram|                 a|         array|
|a_Rst_A   |  out|    1|        bram|                 a|         array|
|b_Addr_A  |  out|   32|        bram|                 b|         array|
|b_EN_A    |  out|    1|        bram|                 b|         array|
|b_WEN_A   |  out|    4|        bram|                 b|         array|
|b_Din_A   |  out|   32|        bram|                 b|         array|
|b_Dout_A  |   in|   32|        bram|                 b|         array|
|b_Clk_A   |  out|    1|        bram|                 b|         array|
|b_Rst_A   |  out|    1|        bram|                 b|         array|
|c_Addr_A  |  out|   32|        bram|                 c|         array|
|c_EN_A    |  out|    1|        bram|                 c|         array|
|c_WEN_A   |  out|    4|        bram|                 c|         array|
|c_Din_A   |  out|   32|        bram|                 c|         array|
|c_Dout_A  |   in|   32|        bram|                 c|         array|
|c_Clk_A   |  out|    1|        bram|                 c|         array|
|c_Rst_A   |  out|    1|        bram|                 c|         array|
+----------+-----+-----+------------+------------------+--------------+

