

================================================================
== Synthesis Summary Report of 'add_ap_fixed'
================================================================
+ General Information: 
    * Date:           Sun May  3 00:15:38 2026
    * Version:        2024.1 (Build 5069499 on May 21 2024)
    * Project:        hw2_q3_add_ap_fixed
    * Solution:       solution1 (Vivado IP Flow Target)
    * Product family: virtexuplus
    * Target device:  xcvu13p-fsga2577-2-e
    

+ Performance & Resource Estimates: 
    
    PS: '+' for module; 'o' for loop; '*' for dataflow
    +--------------------+------+-------+---------+---------+----------+---------+------+----------+------+----+----------+----------+-----+
    |       Modules      | Issue|       | Latency | Latency | Iteration|         | Trip |          |      |    |          |          |     |
    |       & Loops      | Type | Slack | (cycles)|   (ns)  |  Latency | Interval| Count| Pipelined| BRAM | DSP|    FF    |    LUT   | URAM|
    +--------------------+------+-------+---------+---------+----------+---------+------+----------+------+----+----------+----------+-----+
    |+ add_ap_fixed      |    II|  16.10|       18|  450.000|         -|       16|     -|    rewind|     -|   -|  12 (~0%)|  87 (~0%)|    -|
    | o VITIS_LOOP_34_1  |     -|  18.25|       16|  400.000|         2|        1|    16|       yes|     -|   -|         -|         -|    -|
    +--------------------+------+-------+---------+---------+----------+---------+------+----------+------+----+----------+----------+-----+


================================================================
== HW Interfaces
================================================================
* AP_MEMORY
+------------+-----------+----------+
| Port       | Direction | Bitwidth |
+------------+-----------+----------+
| a_address0 | out       | 4        |
| a_q0       | in        | 16       |
| b_address0 | out       | 4        |
| b_q0       | in        | 16       |
| c_address0 | out       | 4        |
| c_d0       | out       | 16       |
+------------+-----------+----------+

* TOP LEVEL CONTROL
+-----------+------------+-----------------------------------+
| Interface | Type       | Ports                             |
+-----------+------------+-----------------------------------+
| ap_clk    | clock      | ap_clk                            |
| ap_rst    | reset      | ap_rst                            |
| ap_ctrl   | ap_ctrl_hs | ap_done ap_idle ap_ready ap_start |
+-----------+------------+-----------------------------------+


================================================================
== SW I/O Information
================================================================
* Top Function Arguments
+----------+-----------+--------------------------------------+
| Argument | Direction | Datatype                             |
+----------+-----------+--------------------------------------+
| a        | in        | ap_fixed<16, 6, AP_TRN, AP_WRAP, 0>* |
| b        | in        | ap_fixed<16, 6, AP_TRN, AP_WRAP, 0>* |
| c        | out       | ap_fixed<16, 6, AP_TRN, AP_WRAP, 0>* |
+----------+-----------+--------------------------------------+

* SW-to-HW Mapping
+----------+--------------+---------+----------+
| Argument | HW Interface | HW Type | HW Usage |
+----------+--------------+---------+----------+
| a        | a_address0   | port    | offset   |
| a        | a_ce0        | port    |          |
| a        | a_q0         | port    |          |
| b        | b_address0   | port    | offset   |
| b        | b_ce0        | port    |          |
| b        | b_q0         | port    |          |
| c        | c_address0   | port    | offset   |
| c        | c_ce0        | port    |          |
| c        | c_we0        | port    |          |
| c        | c_d0         | port    |          |
+----------+--------------+---------+----------+


================================================================
== Bind Op Report
================================================================
+-----------------------+-----+--------+-----------+-------+--------+---------+
| Name                  | DSP | Pragma | Variable  | Op    | Impl   | Latency |
+-----------------------+-----+--------+-----------+-------+--------+---------+
| + add_ap_fixed        | 0   |        |           |       |        |         |
|   add_ln35_fu_116_p2  |     |        | add_ln35  | add   | fabric | 0       |
|   i_fu_99_p2          |     |        | i         | add   | fabric | 0       |
|   icmp_ln34_fu_105_p2 |     |        | icmp_ln34 | seteq | auto   | 0       |
+-----------------------+-----+--------+-----------+-------+--------+---------+


================================================================
== Storage Report
================================================================
  No bind storage info in design

================================================================
== Pragma Report
================================================================
  No pragmas found

