

================================================================
== Synthesis Summary Report of 'sorter'
================================================================
+ General Information: 
    * Date:           Sat May  2 23:58:33 2026
    * Version:        2024.1 (Build 5069499 on May 21 2024)
    * Project:        hw2_q2_sorter
    * Solution:       solution1 (Vivado IP Flow Target)
    * Product family: virtexuplus
    * Target device:  xcvu13p-fsga2577-2-e
    

+ Performance & Resource Estimates: 
    
    PS: '+' for module; 'o' for loop; '*' for dataflow
    +------------------------------------+------+-------+---------+-----------+----------+---------+------+----------+------+----+----------+-----------+-----+
    |               Modules              | Issue|       | Latency |  Latency  | Iteration|         | Trip |          |      |    |          |           |     |
    |               & Loops              | Type | Slack | (cycles)|    (ns)   |  Latency | Interval| Count| Pipelined| BRAM | DSP|    FF    |    LUT    | URAM|
    +------------------------------------+------+-------+---------+-----------+----------+---------+------+----------+------+----+----------+-----------+-----+
    |+ sorter                            |     -|  15.97|      511|  1.278e+04|         -|      512|     -|        no|     -|   -|  35 (~0%)|  206 (~0%)|    -|
    | o VITIS_LOOP_5_1                   |     -|  18.25|      510|  1.275e+04|        34|        -|    15|        no|     -|   -|         -|          -|    -|
    |  + sorter_Pipeline_VITIS_LOOP_6_2  |     -|  15.97|       32|    800.000|         -|       32|     -|        no|     -|   -|  19 (~0%)|  132 (~0%)|    -|
    |   o VITIS_LOOP_6_2                 |    II|  18.25|       30|    750.000|         2|        2|    15|       yes|     -|   -|         -|          -|    -|
    +------------------------------------+------+-------+---------+-----------+----------+---------+------+----------+------+----+----------+-----------+-----+


================================================================
== HW Interfaces
================================================================
* AP_MEMORY
+------------+-----------+----------+
| Port       | Direction | Bitwidth |
+------------+-----------+----------+
| a_address0 | out       | 4        |
| a_address1 | out       | 4        |
| a_d0       | out       | 32       |
| a_d1       | out       | 32       |
| a_q0       | in        | 32       |
| a_q1       | in        | 32       |
+------------+-----------+----------+

* TOP LEVEL CONTROL
+-----------+------------+-----------------------------------+
| Interface | Type       | Ports                             |
+-----------+------------+-----------------------------------+
| ap_clk    | clock      | ap_clk                            |
| ap_rst    | reset      | ap_rst                            |
| ap_ctrl   | ap_ctrl_hs | ap_done ap_idle ap_ready ap_start |
+-----------+------------+-----------------------------------+


================================================================
== SW I/O Information
================================================================
* Top Function Arguments
+----------+-----------+----------+
| Argument | Direction | Datatype |
+----------+-----------+----------+
| a        | inout     | int*     |
+----------+-----------+----------+

* SW-to-HW Mapping
+----------+--------------+---------+----------+
| Argument | HW Interface | HW Type | HW Usage |
+----------+--------------+---------+----------+
| a        | a_address0   | port    | offset   |
| a        | a_ce0        | port    |          |
| a        | a_we0        | port    |          |
| a        | a_d0         | port    |          |
| a        | a_q0         | port    |          |
| a        | a_address1   | port    | offset   |
| a        | a_ce1        | port    |          |
| a        | a_we1        | port    |          |
| a        | a_d1         | port    |          |
| a        | a_q1         | port    |          |
+----------+--------------+---------+----------+


================================================================
== Bind Op Report
================================================================
+-----------------------------------+-----+--------+----------+-------+--------+---------+
| Name                              | DSP | Pragma | Variable | Op    | Impl   | Latency |
+-----------------------------------+-----+--------+----------+-------+--------+---------+
| + sorter                          | 0   |        |          |       |        |         |
|   icmp_ln5_fu_64_p2               |     |        | icmp_ln5 | seteq | auto   | 0       |
|   i_2_fu_70_p2                    |     |        | i_2      | add   | fabric | 0       |
|   add_ln5_fu_80_p2                |     |        | add_ln5  | add   | fabric | 0       |
|  + sorter_Pipeline_VITIS_LOOP_6_2 | 0   |        |          |       |        |         |
|    icmp_ln6_fu_83_p2              |     |        | icmp_ln6 | seteq | auto   | 0       |
|    add_ln7_fu_89_p2               |     |        | add_ln7  | add   | fabric | 0       |
|    icmp_ln7_fu_105_p2             |     |        | icmp_ln7 | setgt | auto   | 0       |
+-----------------------------------+-----+--------+----------+-------+--------+---------+


================================================================
== Storage Report
================================================================
  No bind storage info in design

================================================================
== Pragma Report
================================================================
  No pragmas found

